Archive member included to satisfy reference by file (symbol)

/usr/lib/gcc/arm-none-eabi/9.2.1/../../../arm-none-eabi/lib/thumb/v7-m/nofp/libc_nano.a(lib_a-atexit.o)
                              /usr/lib/gcc/arm-none-eabi/9.2.1/../../../arm-none-eabi/lib/thumb/v7-m/nofp/crt0.o (atexit)
/usr/lib/gcc/arm-none-eabi/9.2.1/../../../arm-none-eabi/lib/thumb/v7-m/nofp/libc_nano.a(lib_a-errno.o)
                              Core/Src/syscalls.o (__errno)
/usr/lib/gcc/arm-none-eabi/9.2.1/../../../arm-none-eabi/lib/thumb/v7-m/nofp/libc_nano.a(lib_a-exit.o)
                              /usr/lib/gcc/arm-none-eabi/9.2.1/../../../arm-none-eabi/lib/thumb/v7-m/nofp/crt0.o (exit)
/usr/lib/gcc/arm-none-eabi/9.2.1/../../../arm-none-eabi/lib/thumb/v7-m/nofp/libc_nano.a(lib_a-fini.o)
                              /usr/lib/gcc/arm-none-eabi/9.2.1/../../../arm-none-eabi/lib/thumb/v7-m/nofp/crt0.o (__libc_fini_array)
/usr/lib/gcc/arm-none-eabi/9.2.1/../../../arm-none-eabi/lib/thumb/v7-m/nofp/libc_nano.a(lib_a-impure.o)
                              /usr/lib/gcc/arm-none-eabi/9.2.1/../../../arm-none-eabi/lib/thumb/v7-m/nofp/libc_nano.a(lib_a-exit.o) (_global_impure_ptr)
/usr/lib/gcc/arm-none-eabi/9.2.1/../../../arm-none-eabi/lib/thumb/v7-m/nofp/libc_nano.a(lib_a-init.o)
                              /usr/lib/gcc/arm-none-eabi/9.2.1/../../../arm-none-eabi/lib/thumb/v7-m/nofp/crt0.o (__libc_init_array)
/usr/lib/gcc/arm-none-eabi/9.2.1/../../../arm-none-eabi/lib/thumb/v7-m/nofp/libc_nano.a(lib_a-memset.o)
                              /usr/lib/gcc/arm-none-eabi/9.2.1/../../../arm-none-eabi/lib/thumb/v7-m/nofp/crt0.o (memset)
/usr/lib/gcc/arm-none-eabi/9.2.1/../../../arm-none-eabi/lib/thumb/v7-m/nofp/libc_nano.a(lib_a-sprintf.o)
                              Core/Src/usart.o (sprintf)
/usr/lib/gcc/arm-none-eabi/9.2.1/../../../arm-none-eabi/lib/thumb/v7-m/nofp/libc_nano.a(lib_a-strlen-stub.o)
                              Core/Src/usart.o (strlen)
/usr/lib/gcc/arm-none-eabi/9.2.1/../../../arm-none-eabi/lib/thumb/v7-m/nofp/libc_nano.a(lib_a-__atexit.o)
                              /usr/lib/gcc/arm-none-eabi/9.2.1/../../../arm-none-eabi/lib/thumb/v7-m/nofp/libc_nano.a(lib_a-atexit.o) (__register_exitproc)
/usr/lib/gcc/arm-none-eabi/9.2.1/../../../arm-none-eabi/lib/thumb/v7-m/nofp/libc_nano.a(lib_a-__call_atexit.o)
                              /usr/lib/gcc/arm-none-eabi/9.2.1/../../../arm-none-eabi/lib/thumb/v7-m/nofp/libc_nano.a(lib_a-__atexit.o) (__call_exitprocs)
/usr/lib/gcc/arm-none-eabi/9.2.1/../../../arm-none-eabi/lib/thumb/v7-m/nofp/libc_nano.a(lib_a-nano-svfprintf.o)
                              /usr/lib/gcc/arm-none-eabi/9.2.1/../../../arm-none-eabi/lib/thumb/v7-m/nofp/libc_nano.a(lib_a-sprintf.o) (_svfprintf_r)
/usr/lib/gcc/arm-none-eabi/9.2.1/../../../arm-none-eabi/lib/thumb/v7-m/nofp/libc_nano.a(lib_a-nano-vfprintf_i.o)
                              /usr/lib/gcc/arm-none-eabi/9.2.1/../../../arm-none-eabi/lib/thumb/v7-m/nofp/libc_nano.a(lib_a-nano-svfprintf.o) (_printf_i)
/usr/lib/gcc/arm-none-eabi/9.2.1/../../../arm-none-eabi/lib/thumb/v7-m/nofp/libc_nano.a(lib_a-memchr-stub.o)
                              /usr/lib/gcc/arm-none-eabi/9.2.1/../../../arm-none-eabi/lib/thumb/v7-m/nofp/libc_nano.a(lib_a-nano-svfprintf.o) (memchr)
/usr/lib/gcc/arm-none-eabi/9.2.1/../../../arm-none-eabi/lib/thumb/v7-m/nofp/libc_nano.a(lib_a-memcpy.o)
                              /usr/lib/gcc/arm-none-eabi/9.2.1/../../../arm-none-eabi/lib/thumb/v7-m/nofp/libc_nano.a(lib_a-nano-svfprintf.o) (memcpy)
/usr/lib/gcc/arm-none-eabi/9.2.1/../../../arm-none-eabi/lib/thumb/v7-m/nofp/libc_nano.a(lib_a-memmove.o)
                              /usr/lib/gcc/arm-none-eabi/9.2.1/../../../arm-none-eabi/lib/thumb/v7-m/nofp/libc_nano.a(lib_a-nano-svfprintf.o) (memmove)
/usr/lib/gcc/arm-none-eabi/9.2.1/../../../arm-none-eabi/lib/thumb/v7-m/nofp/libc_nano.a(lib_a-nano-freer.o)
                              /usr/lib/gcc/arm-none-eabi/9.2.1/../../../arm-none-eabi/lib/thumb/v7-m/nofp/libc_nano.a(lib_a-nano-svfprintf.o) (_free_r)
/usr/lib/gcc/arm-none-eabi/9.2.1/../../../arm-none-eabi/lib/thumb/v7-m/nofp/libc_nano.a(lib_a-nano-mallocr.o)
                              /usr/lib/gcc/arm-none-eabi/9.2.1/../../../arm-none-eabi/lib/thumb/v7-m/nofp/libc_nano.a(lib_a-nano-svfprintf.o) (_malloc_r)
/usr/lib/gcc/arm-none-eabi/9.2.1/../../../arm-none-eabi/lib/thumb/v7-m/nofp/libc_nano.a(lib_a-nano-reallocr.o)
                              /usr/lib/gcc/arm-none-eabi/9.2.1/../../../arm-none-eabi/lib/thumb/v7-m/nofp/libc_nano.a(lib_a-nano-svfprintf.o) (_realloc_r)
/usr/lib/gcc/arm-none-eabi/9.2.1/../../../arm-none-eabi/lib/thumb/v7-m/nofp/libc_nano.a(lib_a-sbrkr.o)
                              /usr/lib/gcc/arm-none-eabi/9.2.1/../../../arm-none-eabi/lib/thumb/v7-m/nofp/libc_nano.a(lib_a-nano-mallocr.o) (_sbrk_r)
/usr/lib/gcc/arm-none-eabi/9.2.1/../../../arm-none-eabi/lib/thumb/v7-m/nofp/libc_nano.a(lib_a-mlock.o)
[...]
Memory Configuration

Name             Origin             Length             Attributes
RAM              0x0000000020000000 0x0000000000005000 xrw
FLASH            0x0000000008000000 0x0000000000010000 xr
*default*        0x0000000000000000 0xffffffffffffffff

Linker script and memory map

LOAD /usr/lib/gcc/arm-none-eabi/9.2.1/thumb/v7-m/nofp/crti.o
LOAD /usr/lib/gcc/arm-none-eabi/9.2.1/thumb/v7-m/nofp/crtbegin.o
LOAD /usr/lib/gcc/arm-none-eabi/9.2.1/../../../arm-none-eabi/lib/thumb/v7-m/nofp/crt0.o
LOAD Core/Src/can.o
LOAD Core/Src/dma.o
LOAD Core/Src/gpio.o
LOAD Core/Src/main.o
LOAD Core/Src/math_ops.o
LOAD Core/Src/mini_cheetah_can_protocol.o
LOAD Core/Src/stm32f1xx_hal_msp.o
LOAD Core/Src/stm32f1xx_it.o
LOAD Core/Src/syscalls.o
LOAD Core/Src/sysmem.o
LOAD Core/Src/system_stm32f1xx.o
LOAD Core/Src/usart.o
LOAD Core/Startup/startup_stm32f103c8tx.o
LOAD Drivers/STM32F1xx_HAL_Driver/Src/stm32f1xx_hal.o
LOAD Drivers/STM32F1xx_HAL_Driver/Src/stm32f1xx_hal_can.o
LOAD Drivers/STM32F1xx_HAL_Driver/Src/stm32f1xx_hal_cortex.o
LOAD Drivers/STM32F1xx_HAL_Driver/Src/stm32f1xx_hal_dma.o
LOAD Drivers/STM32F1xx_HAL_Driver/Src/stm32f1xx_hal_exti.o
LOAD Drivers/STM32F1xx_HAL_Driver/Src/stm32f1xx_hal_flash.o
LOAD Drivers/STM32F1xx_HAL_Driver/Src/stm32f1xx_hal_flash_ex.o
LOAD Drivers/STM32F1xx_HAL_Driver/Src/stm32f1xx_hal_gpio.o
LOAD Drivers/STM32F1xx_HAL_Driver/Src/stm32f1xx_hal_gpio_ex.o
LOAD Drivers/STM32F1xx_HAL_Driver/Src/stm32f1xx_hal_pwr.o
LOAD Drivers/STM32F1xx_HAL_Driver/Src/stm32f1xx_hal_rcc.o
LOAD Drivers/STM32F1xx_HAL_Driver/Src/stm32f1xx_hal_rcc_ex.o
LOAD Drivers/STM32F1xx_HAL_Driver/Src/stm32f1xx_hal_tim.o
LOAD Drivers/STM32F1xx_HAL_Driver/Src/stm32f1xx_hal_tim_ex.o
LOAD Drivers/STM32F1xx_HAL_Driver/Src/stm32f1xx_hal_uart.o
START GROUP
LOAD /usr/lib/gcc/arm-none-eabi/9.2.1/../../../arm-none-eabi/lib/thumb/v7-m/nofp/libc_nano.a
LOAD /usr/lib/gcc/arm-none-eabi/9.2.1/../../../arm-none-eabi/lib/thumb/v7-m/nofp/libm.a
END GROUP
START GROUP
LOAD /usr/lib/gcc/arm-none-eabi/9.2.1/thumb/v7-m/nofp/libgcc.a
LOAD /usr/lib/gcc/arm-none-eabi/9.2.1/../../../arm-none-eabi/lib/thumb/v7-m/nofp/libc_nano.a
END GROUP
START GROUP
LOAD /usr/lib/gcc/arm-none-eabi/9.2.1/thumb/v7-m/nofp/libgcc.a
LOAD /usr/lib/gcc/arm-none-eabi/9.2.1/../../../arm-none-eabi/lib/thumb/v7-m/nofp/libc_nano.a
LOAD /usr/lib/gcc/arm-none-eabi/9.2.1/../../../arm-none-eabi/lib/thumb/v7-m/nofp/libnosys.a
END GROUP
START GROUP
LOAD /usr/lib/gcc/arm-none-eabi/9.2.1/thumb/v7-m/nofp/libgcc.a
LOAD /usr/lib/gcc/arm-none-eabi/9.2.1/../../../arm-none-eabi/lib/thumb/v7-m/nofp/libc_nano.a
LOAD /usr/lib/gcc/arm-none-eabi/9.2.1/../../../arm-none-eabi/lib/thumb/v7-m/nofp/libnosys.a
END GROUP
LOAD /usr/lib/gcc/arm-none-eabi/9.2.1/thumb/v7-m/nofp/crtend.o
LOAD /usr/lib/gcc/arm-none-eabi/9.2.1/thumb/v7-m/nofp/crtn.o
                0x0000000020005000                _estack = (ORIGIN (RAM) + LENGTH (RAM))
                0x0000000000000200                _Min_Heap_Size = 0x200
                0x0000000000000400                _Min_Stack_Size = 0x400

.isr_vector     0x0000000008000000      0x10c
                0x0000000008000000                . = ALIGN (0x4)
 *(.isr_vector)
 .isr_vector    0x0000000008000000      0x10c Core/Startup/startup_stm32f103c8tx.o
                0x0000000008000000                g_pfnVectors
                0x000000000800010c                . = ALIGN (0x4)

.text           0x000000000800010c     0x3698
                0x000000000800010c                . = ALIGN (0x4)
 *(.text)
 .text          0x000000000800010c       0x88 /usr/lib/gcc/arm-none-eabi/9.2.1/thumb/v7-m/nofp/crtbegin.o
 .text          0x0000000008000194       0x48 /usr/lib/gcc/arm-none-eabi/9.2.1/../../../arm-none-eabi/lib/thumb/v7-m/nofp/libc_nano.a(lib_a-init.o)
                0x0000000008000194                __libc_init_array
 .text          0x00000000080001dc       0xa0 /usr/lib/gcc/arm-none-eabi/9.2.1/../../../arm-none-eabi/lib/thumb/v7-m/nofp/libc_nano.a(lib_a-memset.o)
                0x00000000080001dc                memset
 *(.text*)
 .text.MX_CAN_Init
                0x000000000800027c       0x6c Core/Src/can.o
                0x000000000800027c                MX_CAN_Init
 .text.HAL_CAN_MspInit
                0x00000000080002e8       0xa8 Core/Src/can.o
                0x00000000080002e8                HAL_CAN_MspInit
 .text.can_rx_init
                0x0000000008000390       0x4c Core/Src/can.o
                0x0000000008000390                can_rx_init
 .text.can_tx_init
                0x00000000080003dc       0x24 Core/Src/can.o
                0x00000000080003dc                can_tx_init
 .text.MX_DMA_Init
                0x0000000008000400       0x4c Core/Src/dma.o
                0x0000000008000400                MX_DMA_Init
 .text.MX_GPIO_Init
                0x000000000800044c       0x98 Core/Src/gpio.o
                0x000000000800044c                MX_GPIO_Init
 .text.main     0x00000000080004e4       0x3c Core/Src/main.o
                0x00000000080004e4                main
 .text.SystemClock_Config
                0x0000000008000520       0x8a Core/Src/main.o
                0x0000000008000520                SystemClock_Config
 .text.Error_Handler
                0x00000000080005aa        0xa Core/Src/main.o
                0x00000000080005aa                Error_Handler
 .text.HAL_MspInit
                0x00000000080005b4       0x64 Core/Src/stm32f1xx_hal_msp.o
                0x00000000080005b4                HAL_MspInit
 .text.NMI_Handler
                0x0000000008000618        0x6 Core/Src/stm32f1xx_it.o
                0x0000000008000618                NMI_Handler
 .text.HardFault_Handler
                0x000000000800061e        0x6 Core/Src/stm32f1xx_it.o
                0x000000000800061e                HardFault_Handler
 .text.MemManage_Handler
                0x0000000008000624        0x6 Core/Src/stm32f1xx_it.o
                0x0000000008000624                MemManage_Handler
 .text.BusFault_Handler
                0x000000000800062a        0x6 Core/Src/stm32f1xx_it.o
                0x000000000800062a                BusFault_Handler
 .text.UsageFault_Handler
                0x0000000008000630        0x6 Core/Src/stm32f1xx_it.o
                0x0000000008000630                UsageFault_Handler
 .text.SVC_Handler
                0x0000000008000636        0xc Core/Src/stm32f1xx_it.o
                0x0000000008000636                SVC_Handler
 .text.DebugMon_Handler
                0x0000000008000642        0xc Core/Src/stm32f1xx_it.o
                0x0000000008000642                DebugMon_Handler
 .text.PendSV_Handler
                0x000000000800064e        0xc Core/Src/stm32f1xx_it.o
                0x000000000800064e                PendSV_Handler
 .text.SysTick_Handler
                0x000000000800065a        0xc Core/Src/stm32f1xx_it.o
                0x000000000800065a                SysTick_Handler
 *fill*         0x0000000008000666        0x2 
 .text.DMA1_Channel4_IRQHandler
                0x0000000008000668       0x14 Core/Src/stm32f1xx_it.o
                0x0000000008000668                DMA1_Channel4_IRQHandler
 .text.DMA1_Channel5_IRQHandler
                0x000000000800067c       0x14 Core/Src/stm32f1xx_it.o
                0x000000000800067c                DMA1_Channel5_IRQHandler
 .text.USB_LP_CAN1_RX0_IRQHandler
                0x0000000008000690       0x48 Core/Src/stm32f1xx_it.o
                0x0000000008000690                USB_LP_CAN1_RX0_IRQHandler
 .text.USART1_IRQHandler
                0x00000000080006d8       0x14 Core/Src/stm32f1xx_it.o
                0x00000000080006d8                USART1_IRQHandler
 .text.SystemInit
                0x00000000080006ec        0xc Core/Src/system_stm32f1xx.o
                0x00000000080006ec                SystemInit
 .text.MX_USART1_UART_Init
                0x00000000080006f8       0x54 Core/Src/usart.o
                0x00000000080006f8                MX_USART1_UART_Init
 .text.HAL_UART_MspInit
                0x000000000800074c      0x158 Core/Src/usart.o
                0x000000000800074c                HAL_UART_MspInit
 .text.HAL_UART_RxCpltCallback
                0x00000000080008a4       0x94 Core/Src/usart.o
                0x00000000080008a4                HAL_UART_RxCpltCallback
 .text.HAL_UART_TxCpltCallback
                0x0000000008000938       0x30 Core/Src/usart.o
                0x0000000008000938                HAL_UART_TxCpltCallback
 .text.Start_uart1_rx_DMA
                0x0000000008000968       0x1c Core/Src/usart.o
                0x0000000008000968                Start_uart1_rx_DMA
 .text.Reset_Handler
                0x0000000008000984       0x48 Core/Startup/startup_stm32f103c8tx.o
                0x0000000008000984                Reset_Handler
 .text.Default_Handler
                0x00000000080009cc        0x2 Core/Startup/startup_stm32f103c8tx.o
                0x00000000080009cc                RTC_Alarm_IRQHandler
                0x00000000080009cc                EXTI2_IRQHandler
                0x00000000080009cc                TIM1_CC_IRQHandler
                0x00000000080009cc                PVD_IRQHandler
                0x00000000080009cc                EXTI3_IRQHandler
                0x00000000080009cc                EXTI0_IRQHandler
                0x00000000080009cc                I2C2_EV_IRQHandler
                0x00000000080009cc                ADC1_2_IRQHandler
                0x00000000080009cc                SPI1_IRQHandler
                0x00000000080009cc                TAMPER_IRQHandler
                0x00000000080009cc                USART3_IRQHandler
                0x00000000080009cc                RTC_IRQHandler
                0x00000000080009cc                DMA1_Channel7_IRQHandler
                0x00000000080009cc                CAN1_RX1_IRQHandler
                0x00000000080009cc                TIM4_IRQHandler
                0x00000000080009cc                I2C1_EV_IRQHandler
                0x00000000080009cc                DMA1_Channel6_IRQHandler
                0x00000000080009cc                TIM3_IRQHandler
                0x00000000080009cc                RCC_IRQHandler
                0x00000000080009cc                TIM1_TRG_COM_IRQHandler
                0x00000000080009cc                DMA1_Channel1_IRQHandler
                0x00000000080009cc                Default_Handler
                0x00000000080009cc                EXTI15_10_IRQHandler
                0x00000000080009cc                EXTI9_5_IRQHandler
                0x00000000080009cc                SPI2_IRQHandler
                0x00000000080009cc                EXTI4_IRQHandler
                0x00000000080009cc                USB_HP_CAN1_TX_IRQHandler
                0x00000000080009cc                DMA1_Channel3_IRQHandler
                0x00000000080009cc                TIM1_UP_IRQHandler
                0x00000000080009cc                WWDG_IRQHandler
                0x00000000080009cc                TIM2_IRQHandler
                0x00000000080009cc                TIM1_BRK_IRQHandler
                0x00000000080009cc                EXTI1_IRQHandler
                0x00000000080009cc                USART2_IRQHandler
                0x00000000080009cc                I2C2_ER_IRQHandler
                0x00000000080009cc                DMA1_Channel2_IRQHandler
                0x00000000080009cc                CAN1_SCE_IRQHandler
                0x00000000080009cc                FLASH_IRQHandler
                0x00000000080009cc                I2C1_ER_IRQHandler
                0x00000000080009cc                USBWakeUp_IRQHandler
 *fill*         0x00000000080009ce        0x2 
 .text.HAL_Init
                0x00000000080009d0       0x2c Drivers/STM32F1xx_HAL_Driver/Src/stm32f1xx_hal.o
                0x00000000080009d0                HAL_Init
 .text.HAL_InitTick
                0x00000000080009fc       0x60 Drivers/STM32F1xx_HAL_Driver/Src/stm32f1xx_hal.o
                0x00000000080009fc                HAL_InitTick
 .text.HAL_IncTick
                0x0000000008000a5c       0x24 Drivers/STM32F1xx_HAL_Driver/Src/stm32f1xx_hal.o
                0x0000000008000a5c                HAL_IncTick
 .text.HAL_GetTick
                0x0000000008000a80       0x14 Drivers/STM32F1xx_HAL_Driver/Src/stm32f1xx_hal.o
                0x0000000008000a80                HAL_GetTick
 .text.HAL_CAN_Init
                0x0000000008000a94      0x1f6 Drivers/STM32F1xx_HAL_Driver/Src/stm32f1xx_hal_can.o
                0x0000000008000a94                HAL_CAN_Init
 .text.HAL_CAN_ConfigFilter
                0x0000000008000c8a      0x192 Drivers/STM32F1xx_HAL_Driver/Src/stm32f1xx_hal_can.o
                0x0000000008000c8a                HAL_CAN_ConfigFilter
 .text.HAL_CAN_Start
                0x0000000008000e1c       0x88 Drivers/STM32F1xx_HAL_Driver/Src/stm32f1xx_hal_can.o
                0x0000000008000e1c                HAL_CAN_Start
 .text.HAL_CAN_AddTxMessage
                0x0000000008000ea4      0x1b4 Drivers/STM32F1xx_HAL_Driver/Src/stm32f1xx_hal_can.o
                0x0000000008000ea4                HAL_CAN_AddTxMessage
 .text.HAL_CAN_GetRxMessage
                0x0000000008001058      0x222 Drivers/STM32F1xx_HAL_Driver/Src/stm32f1xx_hal_can.o
                0x0000000008001058                HAL_CAN_GetRxMessage
 .text.HAL_CAN_ActivateNotification
                0x000000000800127a       0x4a Drivers/STM32F1xx_HAL_Driver/Src/stm32f1xx_hal_can.o
                0x000000000800127a                HAL_CAN_ActivateNotification
 .text.HAL_CAN_IRQHandler
                0x00000000080012c4      0x36e Drivers/STM32F1xx_HAL_Driver/Src/stm32f1xx_hal_can.o
                0x00000000080012c4                HAL_CAN_IRQHandler
 .text.HAL_CAN_TxMailbox0CompleteCallback
                0x0000000008001632       0x12 Drivers/STM32F1xx_HAL_Driver/Src/stm32f1xx_hal_can.o
                0x0000000008001632                HAL_CAN_TxMailbox0CompleteCallback
 .text.HAL_CAN_TxMailbox1CompleteCallback
                0x0000000008001644       0x12 Drivers/STM32F1xx_HAL_Driver/Src/stm32f1xx_hal_can.o
                0x0000000008001644                HAL_CAN_TxMailbox1CompleteCallback
 .text.HAL_CAN_TxMailbox2CompleteCallback
                0x0000000008001656       0x12 Drivers/STM32F1xx_HAL_Driver/Src/stm32f1xx_hal_can.o
                0x0000000008001656                HAL_CAN_TxMailbox2CompleteCallback
 .text.HAL_CAN_TxMailbox0AbortCallback
                0x0000000008001668       0x12 Drivers/STM32F1xx_HAL_Driver/Src/stm32f1xx_hal_can.o
                0x0000000008001668                HAL_CAN_TxMailbox0AbortCallback
 .text.HAL_CAN_TxMailbox1AbortCallback
                0x000000000800167a       0x12 Drivers/STM32F1xx_HAL_Driver/Src/stm32f1xx_hal_can.o
                0x000000000800167a                HAL_CAN_TxMailbox1AbortCallback
 .text.HAL_CAN_TxMailbox2AbortCallback
                0x000000000800168c       0x12 Drivers/STM32F1xx_HAL_Driver/Src/stm32f1xx_hal_can.o
                0x000000000800168c                HAL_CAN_TxMailbox2AbortCallback
 .text.HAL_CAN_RxFifo0MsgPendingCallback
                0x000000000800169e       0x12 Drivers/STM32F1xx_HAL_Driver/Src/stm32f1xx_hal_can.o
                0x000000000800169e                HAL_CAN_RxFifo0MsgPendingCallback
 .text.HAL_CAN_RxFifo0FullCallback
                0x00000000080016b0       0x12 Drivers/STM32F1xx_HAL_Driver/Src/stm32f1xx_hal_can.o
                0x00000000080016b0                HAL_CAN_RxFifo0FullCallback
 .text.HAL_CAN_RxFifo1MsgPendingCallback
                0x00000000080016c2       0x12 Drivers/STM32F1xx_HAL_Driver/Src/stm32f1xx_hal_can.o
                0x00000000080016c2                HAL_CAN_RxFifo1MsgPendingCallback
 .text.HAL_CAN_RxFifo1FullCallback
                0x00000000080016d4       0x12 Drivers/STM32F1xx_HAL_Driver/Src/stm32f1xx_hal_can.o
                0x00000000080016d4                HAL_CAN_RxFifo1FullCallback
 .text.HAL_CAN_SleepCallback
                0x00000000080016e6       0x12 Drivers/STM32F1xx_HAL_Driver/Src/stm32f1xx_hal_can.o
                0x00000000080016e6                HAL_CAN_SleepCallback
 .text.HAL_CAN_WakeUpFromRxMsgCallback
                0x00000000080016f8       0x12 Drivers/STM32F1xx_HAL_Driver/Src/stm32f1xx_hal_can.o
                0x00000000080016f8                HAL_CAN_WakeUpFromRxMsgCallback
 .text.HAL_CAN_ErrorCallback
                0x000000000800170a       0x12 Drivers/STM32F1xx_HAL_Driver/Src/stm32f1xx_hal_can.o
                0x000000000800170a                HAL_CAN_ErrorCallback
 .text.__NVIC_SetPriorityGrouping
                0x000000000800171c       0x48 Drivers/STM32F1xx_HAL_Driver/Src/stm32f1xx_hal_cortex.o
 .text.__NVIC_GetPriorityGrouping
                0x0000000008001764       0x1c Drivers/STM32F1xx_HAL_Driver/Src/stm32f1xx_hal_cortex.o
 .text.__NVIC_EnableIRQ
                0x0000000008001780       0x38 Drivers/STM32F1xx_HAL_Driver/Src/stm32f1xx_hal_cortex.o
 .text.__NVIC_SetPriority
                0x00000000080017b8       0x54 Drivers/STM32F1xx_HAL_Driver/Src/stm32f1xx_hal_cortex.o
 .text.NVIC_EncodePriority
                0x000000000800180c       0x64 Drivers/STM32F1xx_HAL_Driver/Src/stm32f1xx_hal_cortex.o
 .text.SysTick_Config
                0x0000000008001870       0x44 Drivers/STM32F1xx_HAL_Driver/Src/stm32f1xx_hal_cortex.o
 .text.HAL_NVIC_SetPriorityGrouping
                0x00000000080018b4       0x16 Drivers/STM32F1xx_HAL_Driver/Src/stm32f1xx_hal_cortex.o
                0x00000000080018b4                HAL_NVIC_SetPriorityGrouping
 .text.HAL_NVIC_SetPriority
                0x00000000080018ca       0x38 Drivers/STM32F1xx_HAL_Driver/Src/stm32f1xx_hal_cortex.o
                0x00000000080018ca                HAL_NVIC_SetPriority
 .text.HAL_NVIC_EnableIRQ
                0x0000000008001902       0x1c Drivers/STM32F1xx_HAL_Driver/Src/stm32f1xx_hal_cortex.o
                0x0000000008001902                HAL_NVIC_EnableIRQ
 .text.HAL_SYSTICK_Config
                0x000000000800191e       0x18 Drivers/STM32F1xx_HAL_Driver/Src/stm32f1xx_hal_cortex.o
                0x000000000800191e                HAL_SYSTICK_Config
 *fill*         0x0000000008001936        0x2 
 .text.HAL_DMA_Init
                0x0000000008001938       0xb4 Drivers/STM32F1xx_HAL_Driver/Src/stm32f1xx_hal_dma.o
                0x0000000008001938                HAL_DMA_Init
 .text.HAL_DMA_Start_IT
                0x00000000080019ec       0xbe Drivers/STM32F1xx_HAL_Driver/Src/stm32f1xx_hal_dma.o
                0x00000000080019ec                HAL_DMA_Start_IT
 .text.HAL_DMA_Abort
                0x0000000008001aaa       0x74 Drivers/STM32F1xx_HAL_Driver/Src/stm32f1xx_hal_dma.o
                0x0000000008001aaa                HAL_DMA_Abort
 *fill*         0x0000000008001b1e        0x2 
 .text.HAL_DMA_Abort_IT
                0x0000000008001b20       0xec Drivers/STM32F1xx_HAL_Driver/Src/stm32f1xx_hal_dma.o
                0x0000000008001b20                HAL_DMA_Abort_IT
 .text.HAL_DMA_IRQHandler
                0x0000000008001c0c      0x20c Drivers/STM32F1xx_HAL_Driver/Src/stm32f1xx_hal_dma.o
                0x0000000008001c0c                HAL_DMA_IRQHandler
 .text.DMA_SetConfig
                0x0000000008001e18       0x5a Drivers/STM32F1xx_HAL_Driver/Src/stm32f1xx_hal_dma.o
 *fill*         0x0000000008001e72        0x2 
 .text.HAL_GPIO_Init
                0x0000000008001e74      0x308 Drivers/STM32F1xx_HAL_Driver/Src/stm32f1xx_hal_gpio.o
                0x0000000008001e74                HAL_GPIO_Init
 .text.HAL_GPIO_WritePin
                0x000000000800217c       0x30 Drivers/STM32F1xx_HAL_Driver/Src/stm32f1xx_hal_gpio.o
                0x000000000800217c                HAL_GPIO_WritePin
 .text.HAL_RCC_OscConfig
                0x00000000080021ac      0x500 Drivers/STM32F1xx_HAL_Driver/Src/stm32f1xx_hal_rcc.o
                0x00000000080021ac                HAL_RCC_OscConfig
 .text.HAL_RCC_ClockConfig
                0x00000000080026ac      0x1d4 Drivers/STM32F1xx_HAL_Driver/Src/stm32f1xx_hal_rcc.o
                0x00000000080026ac                HAL_RCC_ClockConfig
 .text.HAL_RCC_GetSysClockFreq
                0x0000000008002880       0xc0 Drivers/STM32F1xx_HAL_Driver/Src/stm32f1xx_hal_rcc.o
                0x0000000008002880                HAL_RCC_GetSysClockFreq
 .text.HAL_RCC_GetHCLKFreq
                0x0000000008002940       0x14 Drivers/STM32F1xx_HAL_Driver/Src/stm32f1xx_hal_rcc.o
                0x0000000008002940                HAL_RCC_GetHCLKFreq
 .text.HAL_RCC_GetPCLK1Freq
                0x0000000008002954       0x28 Drivers/STM32F1xx_HAL_Driver/Src/stm32f1xx_hal_rcc.o
                0x0000000008002954                HAL_RCC_GetPCLK1Freq
 .text.HAL_RCC_GetPCLK2Freq
                0x000000000800297c       0x28 Drivers/STM32F1xx_HAL_Driver/Src/stm32f1xx_hal_rcc.o
                0x000000000800297c                HAL_RCC_GetPCLK2Freq
 .text.RCC_Delay
                0x00000000080029a4       0x3c Drivers/STM32F1xx_HAL_Driver/Src/stm32f1xx_hal_rcc.o
 .text.HAL_UART_Init
                0x00000000080029e0       0x9a Drivers/STM32F1xx_HAL_Driver/Src/stm32f1xx_hal_uart.o
                0x00000000080029e0                HAL_UART_Init
 .text.HAL_UART_Transmit
                0x0000000008002a7a      0x124 Drivers/STM32F1xx_HAL_Driver/Src/stm32f1xx_hal_uart.o
                0x0000000008002a7a                HAL_UART_Transmit
 *fill*         0x0000000008002b9e        0x2 
 .text.HAL_UART_Transmit_DMA
                0x0000000008002ba0       0xd8 Drivers/STM32F1xx_HAL_Driver/Src/stm32f1xx_hal_uart.o
                0x0000000008002ba0                HAL_UART_Transmit_DMA
 .text.HAL_UART_Receive_DMA
                0x0000000008002c78       0x60 Drivers/STM32F1xx_HAL_Driver/Src/stm32f1xx_hal_uart.o
                0x0000000008002c78                HAL_UART_Receive_DMA
 .text.HAL_UART_IRQHandler
                0x0000000008002cd8      0x354 Drivers/STM32F1xx_HAL_Driver/Src/stm32f1xx_hal_uart.o
                0x0000000008002cd8                HAL_UART_IRQHandler
 .text.HAL_UART_TxHalfCpltCallback
                0x000000000800302c       0x12 Drivers/STM32F1xx_HAL_Driver/Src/stm32f1xx_hal_uart.o
                0x000000000800302c                HAL_UART_TxHalfCpltCallback
 .text.HAL_UART_RxHalfCpltCallback
                0x000000000800303e       0x12 Drivers/STM32F1xx_HAL_Driver/Src/stm32f1xx_hal_uart.o
                0x000000000800303e                HAL_UART_RxHalfCpltCallback
 .text.HAL_UART_ErrorCallback
                0x0000000008003050       0x12 Drivers/STM32F1xx_HAL_Driver/Src/stm32f1xx_hal_uart.o
                0x0000000008003050                HAL_UART_ErrorCallback
 .text.HAL_UARTEx_RxEventCallback
                0x0000000008003062       0x16 Drivers/STM32F1xx_HAL_Driver/Src/stm32f1xx_hal_uart.o
                0x0000000008003062                HAL_UARTEx_RxEventCallback
 .text.UART_DMATransmitCplt
                0x0000000008003078       0x52 Drivers/STM32F1xx_HAL_Driver/Src/stm32f1xx_hal_uart.o
 .text.UART_DMATxHalfCplt
                0x00000000080030ca       0x1c Drivers/STM32F1xx_HAL_Driver/Src/stm32f1xx_hal_uart.o
 .text.UART_DMAReceiveCplt
                0x00000000080030e6       0x96 Drivers/STM32F1xx_HAL_Driver/Src/stm32f1xx_hal_uart.o
 .text.UART_DMARxHalfCplt
                0x000000000800317c       0x36 Drivers/STM32F1xx_HAL_Driver/Src/stm32f1xx_hal_uart.o
 .text.UART_DMAError
                0x00000000080031b2       0x94 Drivers/STM32F1xx_HAL_Driver/Src/stm32f1xx_hal_uart.o
 .text.UART_WaitOnFlagUntilTimeout
                0x0000000008003246       0x94 Drivers/STM32F1xx_HAL_Driver/Src/stm32f1xx_hal_uart.o
 *fill*         0x00000000080032da        0x2 
 .text.UART_Start_Receive_DMA
                0x00000000080032dc       0xc8 Drivers/STM32F1xx_HAL_Driver/Src/stm32f1xx_hal_uart.o
                0x00000000080032dc                UART_Start_Receive_DMA
 .text.UART_EndTxTransfer
                0x00000000080033a4       0x2a Drivers/STM32F1xx_HAL_Driver/Src/stm32f1xx_hal_uart.o
 .text.UART_EndRxTransfer
                0x00000000080033ce       0x58 Drivers/STM32F1xx_HAL_Driver/Src/stm32f1xx_hal_uart.o
 .text.UART_DMAAbortOnError
                0x0000000008003426       0x28 Drivers/STM32F1xx_HAL_Driver/Src/stm32f1xx_hal_uart.o
 .text.UART_Transmit_IT
                0x000000000800344e       0x9e Drivers/STM32F1xx_HAL_Driver/Src/stm32f1xx_hal_uart.o
 .text.UART_EndTransmit_IT
                0x00000000080034ec       0x30 Drivers/STM32F1xx_HAL_Driver/Src/stm32f1xx_hal_uart.o
 .text.UART_Receive_IT
                0x000000000800351c      0x152 Drivers/STM32F1xx_HAL_Driver/Src/stm32f1xx_hal_uart.o
 *fill*         0x000000000800366e        0x2 
 .text.UART_SetConfig
                0x0000000008003670      0x11c Drivers/STM32F1xx_HAL_Driver/Src/stm32f1xx_hal_uart.o
 *(.glue_7)
 .glue_7        0x000000000800378c        0x0 linker stubs
 *(.glue_7t)
 .glue_7t       0x000000000800378c        0x0 linker stubs
 *(.eh_frame)
 .eh_frame      0x000000000800378c        0x0 /usr/lib/gcc/arm-none-eabi/9.2.1/thumb/v7-m/nofp/crtbegin.o
 *(.init)
 .init          0x000000000800378c        0x4 /usr/lib/gcc/arm-none-eabi/9.2.1/thumb/v7-m/nofp/crti.o
                0x000000000800378c                _init
 .init          0x0000000008003790        0x8 /usr/lib/gcc/arm-none-eabi/9.2.1/thumb/v7-m/nofp/crtn.o
 *(.fini)
 .fini          0x0000000008003798        0x4 /usr/lib/gcc/arm-none-eabi/9.2.1/thumb/v7-m/nofp/crti.o
                0x0000000008003798                _fini
 .fini          0x000000000800379c        0x8 /usr/lib/gcc/arm-none-eabi/9.2.1/thumb/v7-m/nofp/crtn.o
                0x00000000080037a4                . = ALIGN (0x4)
                0x00000000080037a4                _etext = .

.vfp11_veneer   0x00000000080037a4        0x0
 .vfp11_veneer  0x00000000080037a4        0x0 linker stubs

.v4_bx          0x00000000080037a4        0x0
 .v4_bx         0x00000000080037a4        0x0 linker stubs

.iplt           0x00000000080037a4        0x0
 .iplt          0x00000000080037a4        0x0 /usr/lib/gcc/arm-none-eabi/9.2.1/thumb/v7-m/nofp/crtbegin.o

.rodata         0x00000000080037a4       0x28
                0x00000000080037a4                . = ALIGN (0x4)
 *(.rodata)
 .rodata        0x00000000080037a4       0x10 Drivers/STM32F1xx_HAL_Driver/Src/stm32f1xx_hal_rcc.o
 *(.rodata*)
 .rodata.AHBPrescTable
                0x00000000080037b4       0x10 Core/Src/system_stm32f1xx.o
                0x00000000080037b4                AHBPrescTable
 .rodata.APBPrescTable
                0x00000000080037c4        0x8 Core/Src/system_stm32f1xx.o
                0x00000000080037c4                APBPrescTable
                0x00000000080037cc                . = ALIGN (0x4)

.rel.dyn        0x00000000080037cc        0x0
 .rel.iplt      0x00000000080037cc        0x0 /usr/lib/gcc/arm-none-eabi/9.2.1/thumb/v7-m/nofp/crtbegin.o

.ARM.extab      0x00000000080037cc        0x0
                0x00000000080037cc                . = ALIGN (0x4)
 *(.ARM.extab* .gnu.linkonce.armextab.*)
                0x00000000080037cc                . = ALIGN (0x4)

.ARM            0x00000000080037cc        0x0
                0x00000000080037cc                . = ALIGN (0x4)
                0x00000000080037cc                __exidx_start = .
 *(.ARM.exidx*)
                0x00000000080037cc                __exidx_end = .
                0x00000000080037cc                . = ALIGN (0x4)

.preinit_array  0x00000000080037cc        0x0
                0x00000000080037cc                . = ALIGN (0x4)
                0x00000000080037cc                PROVIDE (__preinit_array_start = .)
 *(.preinit_array*)
                0x00000000080037cc                PROVIDE (__preinit_array_end = .)
                0x00000000080037cc                . = ALIGN (0x4)

.init_array     0x00000000080037cc        0x4
                0x00000000080037cc                . = ALIGN (0x4)
                0x00000000080037cc                PROVIDE (__init_array_start = .)
 *(SORT_BY_NAME(.init_array.*))
 *(.init_array*)
 .init_array    0x00000000080037cc        0x4 /usr/lib/gcc/arm-none-eabi/9.2.1/thumb/v7-m/nofp/crtbegin.o
                0x00000000080037d0                PROVIDE (__init_array_end = .)
                0x00000000080037d0                . = ALIGN (0x4)

.fini_array     0x00000000080037d0        0x4
                0x00000000080037d0                . = ALIGN (0x4)
                0x00000000080037d0                PROVIDE (__fini_array_start = .)
 *(SORT_BY_NAME(.fini_array.*))
 *(.fini_array*)
 .fini_array    0x00000000080037d0        0x4 /usr/lib/gcc/arm-none-eabi/9.2.1/thumb/v7-m/nofp/crtbegin.o
                0x00000000080037d4                PROVIDE (__fini_array_end = .)
                0x00000000080037d4                . = ALIGN (0x4)
                0x00000000080037d4                _sidata = LOADADDR (.data)

.data           0x0000000020000000        0xc load address 0x00000000080037d4
                0x0000000020000000                . = ALIGN (0x4)
                0x0000000020000000                _sdata = .
 *(.data)
 *(.data*)
 .data.SystemCoreClock
                0x0000000020000000        0x4 Core/Src/system_stm32f1xx.o
                0x0000000020000000                SystemCoreClock
 .data.uwTickPrio
                0x0000000020000004        0x4 Drivers/STM32F1xx_HAL_Driver/Src/stm32f1xx_hal.o
                0x0000000020000004                uwTickPrio
 .data.uwTickFreq
                0x0000000020000008        0x1 Drivers/STM32F1xx_HAL_Driver/Src/stm32f1xx_hal.o
                0x0000000020000008                uwTickFreq
 *(.RamFunc)
 *(.RamFunc*)
                0x000000002000000c                . = ALIGN (0x4)
 *fill*         0x0000000020000009        0x3 
                0x000000002000000c                _edata = .

.tm_clone_table
                0x000000002000000c        0x0 load address 0x00000000080037e0
 .tm_clone_table
                0x000000002000000c        0x0 /usr/lib/gcc/arm-none-eabi/9.2.1/thumb/v7-m/nofp/crtbegin.o
 .tm_clone_table
                0x000000002000000c        0x0 /usr/lib/gcc/arm-none-eabi/9.2.1/thumb/v7-m/nofp/crtend.o

.igot.plt       0x000000002000000c        0x0 load address 0x00000000080037e0
 .igot.plt      0x000000002000000c        0x0 /usr/lib/gcc/arm-none-eabi/9.2.1/thumb/v7-m/nofp/crtbegin.o
                0x000000002000000c                . = ALIGN (0x4)

.bss            0x000000002000000c      0x194 load address 0x00000000080037e0
                0x000000002000000c                _sbss = .
                0x000000002000000c                __bss_start__ = _sbss
 *(.bss)
 .bss           0x000000002000000c       0x1c /usr/lib/gcc/arm-none-eabi/9.2.1/thumb/v7-m/nofp/crtbegin.o
 *(.bss*)
 *(COMMON)
 COMMON         0x0000000020000028       0x96 Core/Src/can.o
                0x0000000020000028                tx_canHeader
                0x0000000020000040                hcan
                0x0000000020000068                can_tx_data
                0x0000000020000070                can_filter
                0x0000000020000098                rx_canHeader
                0x00000000200000b4                TxMailbox
                0x00000000200000b8                can_rx_data
 *fill*         0x00000000200000be        0x2 
 COMMON         0x00000000200000c0       0xd9 Core/Src/usart.o
                0x00000000200000c0                hdma_usart1_tx
                0x0000000020000104                hdma_usart1_rx
                0x0000000020000148                huart1
                0x000000002000018c                uart1_txBuf
                0x0000000020000190                uart1_rxBuf
 *fill*         0x0000000020000199        0x3 
 COMMON         0x000000002000019c        0x4 Drivers/STM32F1xx_HAL_Driver/Src/stm32f1xx_hal.o
                0x000000002000019c                uwTick
                0x00000000200001a0                . = ALIGN (0x4)
                0x00000000200001a0                _ebss = .
                0x00000000200001a0                __bss_end__ = _ebss

._user_heap_stack
                0x00000000200001a0      0x600 load address 0x00000000080037e0
                0x00000000200001a0                . = ALIGN (0x8)
                [!provide]                        PROVIDE (end = .)
                0x00000000200001a0                PROVIDE (_end = .)
                0x00000000200003a0                . = (. + _Min_Heap_Size)
 *fill*         0x00000000200001a0      0x200 
                0x00000000200007a0                . = (. + _Min_Stack_Size)
 *fill*         0x00000000200003a0      0x400 
                0x00000000200007a0                . = ALIGN (0x8)

/DISCARD/
 libc.a(*)
 libm.a(*)
 libgcc.a(*)

.ARM.attributes
                0x0000000000000000       0x29
 *(.ARM.attributes)
 .ARM.attributes
                0x0000000000000000       0x1d /usr/lib/gcc/arm-none-eabi/9.2.1/thumb/v7-m/nofp/crti.o
 .ARM.attributes
                0x000000000000001d       0x2d /usr/lib/gcc/arm-none-eabi/9.2.1/thumb/v7-m/nofp/crtbegin.o
 .ARM.attributes
                0x000000000000004a       0x2d Core/Src/can.o
 .ARM.attributes
                0x0000000000000077       0x2d Core/Src/dma.o
 .ARM.attributes
                0x00000000000000a4       0x2d Core/Src/gpio.o
 .ARM.attributes
                0x00000000000000d1       0x2d Core/Src/main.o
 .ARM.attributes
                0x00000000000000fe       0x2d Core/Src/stm32f1xx_hal_msp.o
 .ARM.attributes
                0x000000000000012b       0x2d Core/Src/stm32f1xx_it.o
 .ARM.attributes
                0x0000000000000158       0x2d Core/Src/system_stm32f1xx.o
 .ARM.attributes
                0x0000000000000185       0x2d Core/Src/usart.o
 .ARM.attributes
                0x00000000000001b2       0x21 Core/Startup/startup_stm32f103c8tx.o
 .ARM.attributes
                0x00000000000001d3       0x2d Drivers/STM32F1xx_HAL_Driver/Src/stm32f1xx_hal.o
 .ARM.attributes
                0x0000000000000200       0x2d Drivers/STM32F1xx_HAL_Driver/Src/stm32f1xx_hal_can.o
 .ARM.attributes
                0x000000000000022d       0x2d Drivers/STM32F1xx_HAL_Driver/Src/stm32f1xx_hal_cortex.o
 .ARM.attributes
                0x000000000000025a       0x2d Drivers/STM32F1xx_HAL_Driver/Src/stm32f1xx_hal_dma.o
 .ARM.attributes
                0x0000000000000287       0x2d Drivers/STM32F1xx_HAL_Driver/Src/stm32f1xx_hal_gpio.o
 .ARM.attributes
                0x00000000000002b4       0x2d Drivers/STM32F1xx_HAL_Driver/Src/stm32f1xx_hal_rcc.o
 .ARM.attributes
                0x00000000000002e1       0x2d Drivers/STM32F1xx_HAL_Driver/Src/stm32f1xx_hal_uart.o
 .ARM.attributes
                0x000000000000030e       0x2d /usr/lib/gcc/arm-none-eabi/9.2.1/../../../arm-none-eabi/lib/thumb/v7-m/nofp/libc_nano.a(lib_a-init.o)
 .ARM.attributes
                0x000000000000033b       0x2d /usr/lib/gcc/arm-none-eabi/9.2.1/../../../arm-none-eabi/lib/thumb/v7-m/nofp/libc_nano.a(lib_a-memset.o)
 .ARM.attributes
                0x0000000000000368       0x2d /usr/lib/gcc/arm-none-eabi/9.2.1/thumb/v7-m/nofp/crtend.o
 .ARM.attributes
                0x0000000000000395       0x1d /usr/lib/gcc/arm-none-eabi/9.2.1/thumb/v7-m/nofp/crtn.o
OUTPUT(Minicheetah_Motor_uart_can_bridge.elf elf32-littlearm)
LOAD linker stubs
LOAD /usr/lib/gcc/arm-none-eabi/9.2.1/../../../arm-none-eabi/lib/thumb/v7-m/nofp/libc.a
LOAD /usr/lib/gcc/arm-none-eabi/9.2.1/../../../arm-none-eabi/lib/thumb/v7-m/nofp/libm.a
LOAD /usr/lib/gcc/arm-none-eabi/9.2.1/thumb/v7-m/nofp/libgcc.a

.comment        0x0000000000000000       0xa7
 .comment       0x0000000000000000       0x59 /usr/lib/gcc/arm-none-eabi/9.2.1/thumb/v7-m/nofp/crtbegin.o
                                         0x5a (size before relaxing)
 .comment       0x0000000000000059       0x5a Core/Src/can.o
 .comment       0x0000000000000059       0x5a Core/Src/dma.o
 .comment       0x0000000000000059       0x5a Core/Src/gpio.o
 .comment       0x0000000000000059       0x5a Core/Src/main.o
 .comment       0x0000000000000059       0x5a Core/Src/stm32f1xx_hal_msp.o
 .comment       0x0000000000000059       0x5a Core/Src/stm32f1xx_it.o
 .comment       0x0000000000000059       0x5a Core/Src/system_stm32f1xx.o
 .comment       0x0000000000000059       0x5a Core/Src/usart.o
 .comment       0x0000000000000059       0x5a Drivers/STM32F1xx_HAL_Driver/Src/stm32f1xx_hal.o
 .comment       0x0000000000000059       0x5a Drivers/STM32F1xx_HAL_Driver/Src/stm32f1xx_hal_can.o
 .comment       0x0000000000000059       0x5a Drivers/STM32F1xx_HAL_Driver/Src/stm32f1xx_hal_cortex.o
 .comment       0x0000000000000059       0x5a Drivers/STM32F1xx_HAL_Driver/Src/stm32f1xx_hal_dma.o
 .comment       0x0000000000000059       0x5a Drivers/STM32F1xx_HAL_Driver/Src/stm32f1xx_hal_gpio.o
 .comment       0x0000000000000059       0x5a Drivers/STM32F1xx_HAL_Driver/Src/stm32f1xx_hal_rcc.o
 .comment       0x0000000000000059       0x5a Drivers/STM32F1xx_HAL_Driver/Src/stm32f1xx_hal_uart.o
 .comment       0x0000000000000059       0x4e /usr/lib/gcc/arm-none-eabi/9.2.1/../../../arm-none-eabi/lib/thumb/v7-m/nofp/libc_nano.a(lib_a-init.o)
                                         0x4f (size before relaxing)
 .comment       0x00000000000000a7       0x4f /usr/lib/gcc/arm-none-eabi/9.2.1/../../../arm-none-eabi/lib/thumb/v7-m/nofp/libc_nano.a(lib_a-memset.o)
 .comment       0x00000000000000a7       0x5a /usr/lib/gcc/arm-none-eabi/9.2.1/thumb/v7-m/nofp/crtend.o

.debug_info     0x0000000000000000     0xb53d
 .debug_info    0x0000000000000000      0xaed Core/Src/can.o
 .debug_info    0x0000000000000aed      0x372 Core/Src/dma.o
 .debug_info    0x0000000000000e5f      0x35f Core/Src/gpio.o
 .debug_info    0x00000000000011be     0x1694 Core/Src/main.o
 .debug_info    0x0000000000002852      0x2d8 Core/Src/stm32f1xx_hal_msp.o
 .debug_info    0x0000000000002b2a      0xd49 Core/Src/stm32f1xx_it.o
 .debug_info    0x0000000000003873      0x29a Core/Src/system_stm32f1xx.o
 .debug_info    0x0000000000003b0d     0x1967 Core/Src/usart.o
 .debug_info    0x0000000000005474       0x22 Core/Startup/startup_stm32f103c8tx.o
 .debug_info    0x0000000000005496      0x746 Drivers/STM32F1xx_HAL_Driver/Src/stm32f1xx_hal.o
 .debug_info    0x0000000000005bdc     0x105b Drivers/STM32F1xx_HAL_Driver/Src/stm32f1xx_hal_can.o
 .debug_info    0x0000000000006c37      0xbb8 Drivers/STM32F1xx_HAL_Driver/Src/stm32f1xx_hal_cortex.o
 .debug_info    0x00000000000077ef      0x7fa Drivers/STM32F1xx_HAL_Driver/Src/stm32f1xx_hal_dma.o
 .debug_info    0x0000000000007fe9      0x6d1 Drivers/STM32F1xx_HAL_Driver/Src/stm32f1xx_hal_gpio.o
 .debug_info    0x00000000000086ba      0x85e Drivers/STM32F1xx_HAL_Driver/Src/stm32f1xx_hal_rcc.o
 .debug_info    0x0000000000008f18     0x15ea Drivers/STM32F1xx_HAL_Driver/Src/stm32f1xx_hal_uart.o
 .debug_info    0x000000000000a502      0x11a /usr/lib/gcc/arm-none-eabi/9.2.1/../../../arm-none-eabi/lib/thumb/v7-m/nofp/libc_nano.a(lib_a-init.o)
 .debug_info    0x000000000000a61c      0xf21 /usr/lib/gcc/arm-none-eabi/9.2.1/../../../arm-none-eabi/lib/thumb/v7-m/nofp/libc_nano.a(lib_a-memset.o)

.debug_abbrev   0x0000000000000000     0x213f
 .debug_abbrev  0x0000000000000000      0x232 Core/Src/can.o
 .debug_abbrev  0x0000000000000232      0x11b Core/Src/dma.o
 .debug_abbrev  0x000000000000034d      0x14e Core/Src/gpio.o
 .debug_abbrev  0x000000000000049b      0x295 Core/Src/main.o
 .debug_abbrev  0x0000000000000730      0x11d Core/Src/stm32f1xx_hal_msp.o
 .debug_abbrev  0x000000000000084d      0x1e3 Core/Src/stm32f1xx_it.o
 .debug_abbrev  0x0000000000000a30      0x14e Core/Src/system_stm32f1xx.o
 .debug_abbrev  0x0000000000000b7e      0x2c7 Core/Src/usart.o
 .debug_abbrev  0x0000000000000e45       0x12 Core/Startup/startup_stm32f103c8tx.o
 .debug_abbrev  0x0000000000000e57      0x1ed Drivers/STM32F1xx_HAL_Driver/Src/stm32f1xx_hal.o
 .debug_abbrev  0x0000000000001044      0x235 Drivers/STM32F1xx_HAL_Driver/Src/stm32f1xx_hal_can.o
 .debug_abbrev  0x0000000000001279      0x313 Drivers/STM32F1xx_HAL_Driver/Src/stm32f1xx_hal_cortex.o
 .debug_abbrev  0x000000000000158c      0x228 Drivers/STM32F1xx_HAL_Driver/Src/stm32f1xx_hal_dma.o
 .debug_abbrev  0x00000000000017b4      0x1e8 Drivers/STM32F1xx_HAL_Driver/Src/stm32f1xx_hal_gpio.o
 .debug_abbrev  0x000000000000199c      0x273 Drivers/STM32F1xx_HAL_Driver/Src/stm32f1xx_hal_rcc.o
 .debug_abbrev  0x0000000000001c0f      0x28b Drivers/STM32F1xx_HAL_Driver/Src/stm32f1xx_hal_uart.o
 .debug_abbrev  0x0000000000001e9a       0xcc /usr/lib/gcc/arm-none-eabi/9.2.1/../../../arm-none-eabi/lib/thumb/v7-m/nofp/libc_nano.a(lib_a-init.o)
 .debug_abbrev  0x0000000000001f66      0x1d9 /usr/lib/gcc/arm-none-eabi/9.2.1/../../../arm-none-eabi/lib/thumb/v7-m/nofp/libc_nano.a(lib_a-memset.o)

.debug_aranges  0x0000000000000000      0x8b0
 .debug_aranges
                0x0000000000000000       0x40 Core/Src/can.o
 .debug_aranges
                0x0000000000000040       0x20 Core/Src/dma.o
 .debug_aranges
                0x0000000000000060       0x20 Core/Src/gpio.o
 .debug_aranges
                0x0000000000000080       0x30 Core/Src/main.o
 .debug_aranges
                0x00000000000000b0       0x20 Core/Src/stm32f1xx_hal_msp.o
 .debug_aranges
                0x00000000000000d0       0x80 Core/Src/stm32f1xx_it.o
 .debug_aranges
                0x0000000000000150       0x28 Core/Src/system_stm32f1xx.o
 .debug_aranges
                0x0000000000000178       0x50 Core/Src/usart.o
 .debug_aranges
                0x00000000000001c8       0x28 Core/Startup/startup_stm32f103c8tx.o
 .debug_aranges
                0x00000000000001f0       0xe0 Drivers/STM32F1xx_HAL_Driver/Src/stm32f1xx_hal.o
 .debug_aranges
                0x00000000000002d0      0x138 Drivers/STM32F1xx_HAL_Driver/Src/stm32f1xx_hal_can.o
 .debug_aranges
                0x0000000000000408      0x100 Drivers/STM32F1xx_HAL_Driver/Src/stm32f1xx_hal_cortex.o
 .debug_aranges
                0x0000000000000508       0x80 Drivers/STM32F1xx_HAL_Driver/Src/stm32f1xx_hal_dma.o
 .debug_aranges
                0x0000000000000588       0x58 Drivers/STM32F1xx_HAL_Driver/Src/stm32f1xx_hal_gpio.o
 .debug_aranges
                0x00000000000005e0       0x90 Drivers/STM32F1xx_HAL_Driver/Src/stm32f1xx_hal_rcc.o
 .debug_aranges
                0x0000000000000670      0x200 Drivers/STM32F1xx_HAL_Driver/Src/stm32f1xx_hal_uart.o
 .debug_aranges
                0x0000000000000870       0x20 /usr/lib/gcc/arm-none-eabi/9.2.1/../../../arm-none-eabi/lib/thumb/v7-m/nofp/libc_nano.a(lib_a-init.o)
 .debug_aranges
                0x0000000000000890       0x20 /usr/lib/gcc/arm-none-eabi/9.2.1/../../../arm-none-eabi/lib/thumb/v7-m/nofp/libc_nano.a(lib_a-memset.o)

.debug_ranges   0x0000000000000000      0x7a8
 .debug_ranges  0x0000000000000000       0x30 Core/Src/can.o
 .debug_ranges  0x0000000000000030       0x10 Core/Src/dma.o
 .debug_ranges  0x0000000000000040       0x10 Core/Src/gpio.o
 .debug_ranges  0x0000000000000050       0x20 Core/Src/main.o
 .debug_ranges  0x0000000000000070       0x10 Core/Src/stm32f1xx_hal_msp.o
 .debug_ranges  0x0000000000000080       0x70 Core/Src/stm32f1xx_it.o
 .debug_ranges  0x00000000000000f0       0x18 Core/Src/system_stm32f1xx.o
 .debug_ranges  0x0000000000000108       0x40 Core/Src/usart.o
 .debug_ranges  0x0000000000000148       0x20 Core/Startup/startup_stm32f103c8tx.o
 .debug_ranges  0x0000000000000168       0xd0 Drivers/STM32F1xx_HAL_Driver/Src/stm32f1xx_hal.o
 .debug_ranges  0x0000000000000238      0x128 Drivers/STM32F1xx_HAL_Driver/Src/stm32f1xx_hal_can.o
 .debug_ranges  0x0000000000000360       0xf0 Drivers/STM32F1xx_HAL_Driver/Src/stm32f1xx_hal_cortex.o
 .debug_ranges  0x0000000000000450       0x70 Drivers/STM32F1xx_HAL_Driver/Src/stm32f1xx_hal_dma.o
 .debug_ranges  0x00000000000004c0       0x48 Drivers/STM32F1xx_HAL_Driver/Src/stm32f1xx_hal_gpio.o
 .debug_ranges  0x0000000000000508       0x80 Drivers/STM32F1xx_HAL_Driver/Src/stm32f1xx_hal_rcc.o
 .debug_ranges  0x0000000000000588      0x220 Drivers/STM32F1xx_HAL_Driver/Src/stm32f1xx_hal_uart.o

.debug_macro    0x0000000000000000    0x175a7
 .debug_macro   0x0000000000000000      0x163 Core/Src/can.o
 .debug_macro   0x0000000000000163      0xa9c Core/Src/can.o
 .debug_macro   0x0000000000000bff      0x221 Core/Src/can.o
 .debug_macro   0x0000000000000e20       0x2e Core/Src/can.o
 .debug_macro   0x0000000000000e4e       0x22 Core/Src/can.o
 .debug_macro   0x0000000000000e70      0x34e Core/Src/can.o
 .debug_macro   0x00000000000011be       0x1c Core/Src/can.o
 .debug_macro   0x00000000000011da       0x22 Core/Src/can.o
 .debug_macro   0x00000000000011fc       0xc3 Core/Src/can.o
 .debug_macro   0x00000000000012bf      0xd23 Core/Src/can.o
 .debug_macro   0x0000000000001fe2     0xe09e Core/Src/can.o
 .debug_macro   0x0000000000010080       0x6d Core/Src/can.o
 .debug_macro   0x00000000000100ed     0x3468 Core/Src/can.o
 .debug_macro   0x0000000000013555      0x174 Core/Src/can.o
 .debug_macro   0x00000000000136c9       0x5c Core/Src/can.o
 .debug_macro   0x0000000000013725      0x5bf Core/Src/can.o
 .debug_macro   0x0000000000013ce4      0x289 Core/Src/can.o
 .debug_macro   0x0000000000013f6d      0x1cb Core/Src/can.o
 .debug_macro   0x0000000000014138      0x114 Core/Src/can.o
 .debug_macro   0x000000000001424c      0x1b2 Core/Src/can.o
 .debug_macro   0x00000000000143fe       0x27 Core/Src/can.o
 .debug_macro   0x0000000000014425      0x136 Core/Src/can.o
 .debug_macro   0x000000000001455b      0x1bc Core/Src/can.o
 .debug_macro   0x0000000000014717       0x34 Core/Src/can.o
 .debug_macro   0x000000000001474b       0x3c Core/Src/can.o
 .debug_macro   0x0000000000014787      0x408 Core/Src/can.o
 .debug_macro   0x0000000000014b8f       0x57 Core/Src/can.o
 .debug_macro   0x0000000000014be6       0x88 Core/Src/can.o
 .debug_macro   0x0000000000014c6e      0x241 Core/Src/can.o
 .debug_macro   0x0000000000014eaf      0x141 Core/Src/can.o
 .debug_macro   0x0000000000014ff0      0x279 Core/Src/can.o
 .debug_macro   0x0000000000015269       0x83 Core/Src/can.o
 .debug_macro   0x00000000000152ec      0x163 Core/Src/dma.o
 .debug_macro   0x000000000001544f      0x163 Core/Src/gpio.o
 .debug_macro   0x00000000000155b2      0x322 Core/Src/main.o
 .debug_macro   0x00000000000158d4       0x22 Core/Src/main.o
 .debug_macro   0x00000000000158f6       0x46 Core/Src/main.o
 .debug_macro   0x000000000001593c       0x18 Core/Src/main.o
 .debug_macro   0x0000000000015954       0x94 Core/Src/main.o
 .debug_macro   0x00000000000159e8       0x3c Core/Src/main.o
 .debug_macro   0x0000000000015a24       0x34 Core/Src/main.o
 .debug_macro   0x0000000000015a58       0x16 Core/Src/main.o
 .debug_macro   0x0000000000015a6e       0x43 Core/Src/main.o
 .debug_macro   0x0000000000015ab1       0x57 Core/Src/main.o
 .debug_macro   0x0000000000015b08       0x34 Core/Src/main.o
 .debug_macro   0x0000000000015b3c       0x10 Core/Src/main.o
 .debug_macro   0x0000000000015b4c       0x52 Core/Src/main.o
 .debug_macro   0x0000000000015b9e       0x71 Core/Src/main.o
 .debug_macro   0x0000000000015c0f       0x1c Core/Src/main.o
 .debug_macro   0x0000000000015c2b      0x12a Core/Src/main.o
 .debug_macro   0x0000000000015d55      0x333 Core/Src/main.o
 .debug_macro   0x0000000000016088      0x1a9 Core/Src/main.o
 .debug_macro   0x0000000000016231       0x10 Core/Src/main.o
 .debug_macro   0x0000000000016241       0x16 Core/Src/main.o
 .debug_macro   0x0000000000016257       0x35 Core/Src/main.o
 .debug_macro   0x000000000001628c       0x10 Core/Src/main.o
 .debug_macro   0x000000000001629c       0x10 Core/Src/main.o
 .debug_macro   0x00000000000162ac       0x10 Core/Src/main.o
 .debug_macro   0x00000000000162bc       0x6a Core/Src/main.o
 .debug_macro   0x0000000000016326       0x1c Core/Src/main.o
 .debug_macro   0x0000000000016342       0x52 Core/Src/main.o
 .debug_macro   0x0000000000016394       0x22 Core/Src/main.o
 .debug_macro   0x00000000000163b6       0x10 Core/Src/main.o
 .debug_macro   0x00000000000163c6       0x40 Core/Src/main.o
 .debug_macro   0x0000000000016406       0xd5 Core/Src/main.o
 .debug_macro   0x00000000000164db       0x1c Core/Src/main.o
 .debug_macro   0x00000000000164f7       0x3d Core/Src/main.o
 .debug_macro   0x0000000000016534       0x35 Core/Src/main.o
 .debug_macro   0x0000000000016569      0x159 Core/Src/stm32f1xx_hal_msp.o
 .debug_macro   0x00000000000166c2      0x17b Core/Src/stm32f1xx_it.o
 .debug_macro   0x000000000001683d      0x14f Core/Src/system_stm32f1xx.o
 .debug_macro   0x000000000001698c      0x248 Core/Src/usart.o
 .debug_macro   0x0000000000016bd4      0x173 Drivers/STM32F1xx_HAL_Driver/Src/stm32f1xx_hal.o
 .debug_macro   0x0000000000016d47      0x157 Drivers/STM32F1xx_HAL_Driver/Src/stm32f1xx_hal_can.o
 .debug_macro   0x0000000000016e9e      0x14f Drivers/STM32F1xx_HAL_Driver/Src/stm32f1xx_hal_cortex.o
 .debug_macro   0x0000000000016fed      0x14f Drivers/STM32F1xx_HAL_Driver/Src/stm32f1xx_hal_dma.o
 .debug_macro   0x000000000001713c      0x1ba Drivers/STM32F1xx_HAL_Driver/Src/stm32f1xx_hal_gpio.o
 .debug_macro   0x00000000000172f6      0x161 Drivers/STM32F1xx_HAL_Driver/Src/stm32f1xx_hal_rcc.o
 .debug_macro   0x0000000000017457      0x150 Drivers/STM32F1xx_HAL_Driver/Src/stm32f1xx_hal_uart.o

.debug_line     0x0000000000000000     0x73e6
 .debug_line    0x0000000000000000      0x417 Core/Src/can.o
 .debug_line    0x0000000000000417      0x356 Core/Src/dma.o
 .debug_line    0x000000000000076d      0x367 Core/Src/gpio.o
 .debug_line    0x0000000000000ad4      0x5d8 Core/Src/main.o
 .debug_line    0x00000000000010ac      0x359 Core/Src/stm32f1xx_hal_msp.o
 .debug_line    0x0000000000001405      0x491 Core/Src/stm32f1xx_it.o
 .debug_line    0x0000000000001896      0x3d7 Core/Src/system_stm32f1xx.o
 .debug_line    0x0000000000001c6d      0x5f6 Core/Src/usart.o
 .debug_line    0x0000000000002263       0x87 Core/Startup/startup_stm32f103c8tx.o
 .debug_line    0x00000000000022ea      0x604 Drivers/STM32F1xx_HAL_Driver/Src/stm32f1xx_hal.o
 .debug_line    0x00000000000028ee      0xda5 Drivers/STM32F1xx_HAL_Driver/Src/stm32f1xx_hal_can.o
 .debug_line    0x0000000000003693      0x7ec Drivers/STM32F1xx_HAL_Driver/Src/stm32f1xx_hal_cortex.o
 .debug_line    0x0000000000003e7f      0xa5c Drivers/STM32F1xx_HAL_Driver/Src/stm32f1xx_hal_dma.o
 .debug_line    0x00000000000048db      0x69b Drivers/STM32F1xx_HAL_Driver/Src/stm32f1xx_hal_gpio.o
 .debug_line    0x0000000000004f76      0xa12 Drivers/STM32F1xx_HAL_Driver/Src/stm32f1xx_hal_rcc.o
 .debug_line    0x0000000000005988     0x16df Drivers/STM32F1xx_HAL_Driver/Src/stm32f1xx_hal_uart.o
 .debug_line    0x0000000000007067      0x114 /usr/lib/gcc/arm-none-eabi/9.2.1/../../../arm-none-eabi/lib/thumb/v7-m/nofp/libc_nano.a(lib_a-init.o)
 .debug_line    0x000000000000717b      0x26b /usr/lib/gcc/arm-none-eabi/9.2.1/../../../arm-none-eabi/lib/thumb/v7-m/nofp/libc_nano.a(lib_a-memset.o)

.debug_str      0x0000000000000000    0x853b2
 .debug_str     0x0000000000000000    0x7e8dd Core/Src/can.o
                                      0x7ecd4 (size before relaxing)
 .debug_str     0x000000000007e8dd       0x29 Core/Src/dma.o
                                      0x7e82d (size before relaxing)
 .debug_str     0x000000000007e906       0x48 Core/Src/gpio.o
                                      0x7e5c8 (size before relaxing)
 .debug_str     0x000000000007e94e     0x4b55 Core/Src/main.o
                                      0x835d0 (size before relaxing)
 .debug_str     0x00000000000834a3       0x50 Core/Src/stm32f1xx_hal_msp.o
                                      0x7e589 (size before relaxing)
 .debug_str     0x00000000000834f3      0x11f Core/Src/stm32f1xx_it.o
                                      0x7edf7 (size before relaxing)
 .debug_str     0x0000000000083612       0x52 Core/Src/system_stm32f1xx.o
                                      0x7e576 (size before relaxing)
 .debug_str     0x0000000000083664       0xc2 Core/Src/usart.o
                                      0x82d3e (size before relaxing)
 .debug_str     0x0000000000083726       0x34 Core/Startup/startup_stm32f103c8tx.o
                                         0x92 (size before relaxing)
 .debug_str     0x000000000008375a      0x304 Drivers/STM32F1xx_HAL_Driver/Src/stm32f1xx_hal.o
                                      0x7ec07 (size before relaxing)
 .debug_str     0x0000000000083a5e      0x478 Drivers/STM32F1xx_HAL_Driver/Src/stm32f1xx_hal_can.o
                                      0x7ed96 (size before relaxing)
 .debug_str     0x0000000000083ed6      0x2d8 Drivers/STM32F1xx_HAL_Driver/Src/stm32f1xx_hal_cortex.o
                                      0x7ec0f (size before relaxing)
 .debug_str     0x00000000000841ae      0x23a Drivers/STM32F1xx_HAL_Driver/Src/stm32f1xx_hal_dma.o
                                      0x7e951 (size before relaxing)
 .debug_str     0x00000000000843e8      0x31f Drivers/STM32F1xx_HAL_Driver/Src/stm32f1xx_hal_gpio.o
                                      0x7e92f (size before relaxing)
 .debug_str     0x0000000000084707      0x24f Drivers/STM32F1xx_HAL_Driver/Src/stm32f1xx_hal_rcc.o
                                      0x7e968 (size before relaxing)
 .debug_str     0x0000000000084956      0x5c9 Drivers/STM32F1xx_HAL_Driver/Src/stm32f1xx_hal_uart.o
                                      0x7ef5a (size before relaxing)
 .debug_str     0x0000000000084f1f      0x179 /usr/lib/gcc/arm-none-eabi/9.2.1/../../../arm-none-eabi/lib/thumb/v7-m/nofp/libc_nano.a(lib_a-init.o)
                                        0x221 (size before relaxing)
 .debug_str     0x0000000000085098      0x31a /usr/lib/gcc/arm-none-eabi/9.2.1/../../../arm-none-eabi/lib/thumb/v7-m/nofp/libc_nano.a(lib_a-memset.o)
                                        0x907 (size before relaxing)

.debug_frame    0x0000000000000000     0x2064
 .debug_frame   0x0000000000000000       0xb0 Core/Src/can.o
 .debug_frame   0x00000000000000b0       0x34 Core/Src/dma.o
 .debug_frame   0x00000000000000e4       0x34 Core/Src/gpio.o
 .debug_frame   0x0000000000000118       0x68 Core/Src/main.o
 .debug_frame   0x0000000000000180       0x38 Core/Src/stm32f1xx_hal_msp.o
 .debug_frame   0x00000000000001b8      0x174 Core/Src/stm32f1xx_it.o
 .debug_frame   0x000000000000032c       0x58 Core/Src/system_stm32f1xx.o
 .debug_frame   0x0000000000000384       0xfc Core/Src/usart.o
 .debug_frame   0x0000000000000480      0x334 Drivers/STM32F1xx_HAL_Driver/Src/stm32f1xx_hal.o
 .debug_frame   0x00000000000007b4      0x5a0 Drivers/STM32F1xx_HAL_Driver/Src/stm32f1xx_hal_can.o
 .debug_frame   0x0000000000000d54      0x428 Drivers/STM32F1xx_HAL_Driver/Src/stm32f1xx_hal_cortex.o
 .debug_frame   0x000000000000117c      0x208 Drivers/STM32F1xx_HAL_Driver/Src/stm32f1xx_hal_dma.o
 .debug_frame   0x0000000000001384      0x14c Drivers/STM32F1xx_HAL_Driver/Src/stm32f1xx_hal_gpio.o
 .debug_frame   0x00000000000014d0      0x21c Drivers/STM32F1xx_HAL_Driver/Src/stm32f1xx_hal_rcc.o
 .debug_frame   0x00000000000016ec      0x914 Drivers/STM32F1xx_HAL_Driver/Src/stm32f1xx_hal_uart.o
 .debug_frame   0x0000000000002000       0x2c /usr/lib/gcc/arm-none-eabi/9.2.1/../../../arm-none-eabi/lib/thumb/v7-m/nofp/libc_nano.a(lib_a-init.o)
 .debug_frame   0x000000000000202c       0x38 /usr/lib/gcc/arm-none-eabi/9.2.1/../../../arm-none-eabi/lib/thumb/v7-m/nofp/libc_nano.a(lib_a-memset.o)

.debug_loc      0x0000000000000000      0x2eb
 .debug_loc     0x0000000000000000       0xba /usr/lib/gcc/arm-none-eabi/9.2.1/../../../arm-none-eabi/lib/thumb/v7-m/nofp/libc_nano.a(lib_a-init.o)
 .debug_loc     0x00000000000000ba      0x231 /usr/lib/gcc/arm-none-eabi/9.2.1/../../../arm-none-eabi/lib/thumb/v7-m/nofp/libc_nano.a(lib_a-memset.o)
