Archive member included to satisfy reference by file (symbol)

/usr/lib/gcc/arm-none-eabi/9.2.1/../../../arm-none-eabi/lib/thumb/v7e-m+fp/hard/libm.a(lib_a-s_round.o)
                              Core/Src/calibration.o (round)
/usr/lib/gcc/arm-none-eabi/9.2.1/../../../arm-none-eabi/lib/thumb/v7e-m+fp/hard/libm.a(lib_a-sf_fmax.o)
                              Core/Src/fsm.o (fmaxf)
/usr/lib/gcc/arm-none-eabi/9.2.1/../../../arm-none-eabi/lib/thumb/v7e-m+fp/hard/libm.a(lib_a-sf_fmin.o)
                              Core/Src/fsm.o (fminf)
/usr/lib/gcc/arm-none-eabi/9.2.1/../../../arm-none-eabi/lib/thumb/v7e-m+fp/hard/libm.a(lib_a-sf_fpclassify.o)
                              /usr/lib/gcc/arm-none-eabi/9.2.1/../../../arm-none-eabi/lib/thumb/v7e-m+fp/hard/libm.a(lib_a-sf_fmax.o) (__fpclassifyf)
/usr/lib/gcc/arm-none-eabi/9.2.1/../../../arm-none-eabi/lib/thumb/v7e-m+fp/hard/libm.a(lib_a-w_exp.o)
                              Core/Src/foc.o (exp)
/usr/lib/gcc/arm-none-eabi/9.2.1/../../../arm-none-eabi/lib/thumb/v7e-m+fp/hard/libm.a(lib_a-wf_fmod.o)
                              Core/Src/fsm.o (fmodf)
/usr/lib/gcc/arm-none-eabi/9.2.1/../../../arm-none-eabi/lib/thumb/v7e-m+fp/hard/libm.a(lib_a-wf_sqrt.o)
                              Core/Src/foc.o (sqrtf)
/usr/lib/gcc/arm-none-eabi/9.2.1/../../../arm-none-eabi/lib/thumb/v7e-m+fp/hard/libm.a(lib_a-e_exp.o)
                              /usr/lib/gcc/arm-none-eabi/9.2.1/../../../arm-none-eabi/lib/thumb/v7e-m+fp/hard/libm.a(lib_a-w_exp.o) (__ieee754_exp)
/usr/lib/gcc/arm-none-eabi/9.2.1/../../../arm-none-eabi/lib/thumb/v7e-m+fp/hard/libm.a(lib_a-ef_fmod.o)
                              /usr/lib/gcc/arm-none-eabi/9.2.1/../../../arm-none-eabi/lib/thumb/v7e-m+fp/hard/libm.a(lib_a-wf_fmod.o) (__ieee754_fmodf)
/usr/lib/gcc/arm-none-eabi/9.2.1/../../../arm-none-eabi/lib/thumb/v7e-m+fp/hard/libm.a(lib_a-ef_sqrt.o)
                              /usr/lib/gcc/arm-none-eabi/9.2.1/../../../arm-none-eabi/lib/thumb/v7e-m+fp/hard/libm.a(lib_a-wf_sqrt.o) (__ieee754_sqrtf)
/usr/lib/gcc/arm-none-eabi/9.2.1/../../../arm-none-eabi/lib/thumb/v7e-m+fp/hard/libm.a(lib_a-s_finite.o)
                              /usr/lib/gcc/arm-none-eabi/9.2.1/../../../arm-none-eabi/lib/thumb/v7e-m+fp/hard/libm.a(lib_a-w_exp.o) (finite)
/usr/lib/gcc/arm-none-eabi/9.2.1/../../../arm-none-eabi/lib/thumb/v7e-m+fp/hard/libm.a(lib_a-s_lib_ver.o)
                              /usr/lib/gcc/arm-none-eabi/9.2.1/../../../arm-none-eabi/lib/thumb/v7e-m+fp/hard/libm.a(lib_a-w_exp.o) (__fdlib_version)
/usr/lib/gcc/arm-none-eabi/9.2.1/../../../arm-none-eabi/lib/thumb/v7e-m+fp/hard/libc_nano.a(lib_a-atexit.o)
                              /usr/lib/gcc/arm-none-eabi/9.2.1/../../../arm-none-eabi/lib/thumb/v7e-m+fp/hard/crt0.o (atexit)
/usr/lib/gcc/arm-none-eabi/9.2.1/../../../arm-none-eabi/lib/thumb/v7e-m+fp/hard/libc_nano.a(lib_a-atof.o)
                              Core/Src/fsm.o (atof)
/usr/lib/gcc/arm-none-eabi/9.2.1/../../../arm-none-eabi/lib/thumb/v7e-m+fp/hard/libc_nano.a(lib_a-atoi.o)
                              Core/Src/fsm.o (atoi)
/usr/lib/gcc/arm-none-eabi/9.2.1/../../../arm-none-eabi/lib/thumb/v7e-m+fp/hard/libc_nano.a(lib_a-errno.o)
                              Core/Src/syscalls.o (__errno)
/usr/lib/gcc/arm-none-eabi/9.2.1/../../../arm-none-eabi/lib/thumb/v7e-m+fp/hard/libc_nano.a(lib_a-exit.o)
                              /usr/lib/gcc/arm-none-eabi/9.2.1/../../../arm-none-eabi/lib/thumb/v7e-m+fp/hard/crt0.o (exit)
/usr/lib/gcc/arm-none-eabi/9.2.1/../../../arm-none-eabi/lib/thumb/v7e-m+fp/hard/libc_nano.a(lib_a-fini.o)
                              /usr/lib/gcc/arm-none-eabi/9.2.1/../../../arm-none-eabi/lib/thumb/v7e-m+fp/hard/crt0.o (__libc_fini_array)
/usr/lib/gcc/arm-none-eabi/9.2.1/../../../arm-none-eabi/lib/thumb/v7e-m+fp/hard/libc_nano.a(lib_a-impure.o)
                              /usr/lib/gcc/arm-none-eabi/9.2.1/../../../arm-none-eabi/lib/thumb/v7e-m+fp/hard/libc_nano.a(lib_a-exit.o) (_global_impure_ptr)
/usr/lib/gcc/arm-none-eabi/9.2.1/../../../arm-none-eabi/lib/thumb/v7e-m+fp/hard/libc_nano.a(lib_a-init.o)
                              /usr/lib/gcc/arm-none-eabi/9.2.1/../../../arm-none-eabi/lib/thumb/v7e-m+fp/hard/crt0.o (__libc_init_array)
/usr/lib/gcc/arm-none-eabi/9.2.1/../../../arm-none-eabi/lib/thumb/v7e-m+fp/hard/libc_nano.a(lib_a-memcpy.o)
                              Core/Src/fsm.o (memcpy)
/usr/lib/gcc/arm-none-eabi/9.2.1/../../../arm-none-eabi/lib/thumb/v7e-m+fp/hard/libc_nano.a(lib_a-memset.o)
                              /usr/lib/gcc/arm-none-eabi/9.2.1/../../../arm-none-eabi/lib/thumb/v7e-m+fp/hard/crt0.o (memset)
/usr/lib/gcc/arm-none-eabi/9.2.1/../../../arm-none-eabi/lib/thumb/v7e-m+fp/hard/libc_nano.a(lib_a-nano-vfprintf_float.o)
                              (_printf_float)
/usr/lib/gcc/arm-none-eabi/9.2.1/../../../arm-none-eabi/lib/thumb/v7e-m+fp/hard/libc_nano.a(lib_a-nano-vfprintf_i.o)
[...]
Memory Configuration

Name             Origin             Length             Attributes
RAM              0x0000000020000000 0x0000000000020000 xrw
FLASH            0x0000000008000000 0x0000000000080000 xr
*default*        0x0000000000000000 0xffffffffffffffff

Linker script and memory map

LOAD /usr/lib/gcc/arm-none-eabi/9.2.1/thumb/v7e-m+fp/hard/crti.o
LOAD /usr/lib/gcc/arm-none-eabi/9.2.1/thumb/v7e-m+fp/hard/crtbegin.o
LOAD /usr/lib/gcc/arm-none-eabi/9.2.1/../../../arm-none-eabi/lib/thumb/v7e-m+fp/hard/crt0.o
LOAD Core/Src/adc.o
LOAD Core/Src/calibration.o
LOAD Core/Src/can.o
LOAD Core/Src/drv8323.o
LOAD Core/Src/flash_writer.o
LOAD Core/Src/foc.o
LOAD Core/Src/fsm.o
LOAD Core/Src/gpio.o
LOAD Core/Src/main.o
LOAD Core/Src/math_ops.o
LOAD Core/Src/position_sensor.o
LOAD Core/Src/preference_writer.o
LOAD Core/Src/spi.o
LOAD Core/Src/stm32f4xx_flash.o
LOAD Core/Src/stm32f4xx_hal_msp.o
LOAD Core/Src/stm32f4xx_it.o
LOAD Core/Src/syscalls.o
LOAD Core/Src/sysmem.o
LOAD Core/Src/system_stm32f4xx.o
LOAD Core/Src/tim.o
LOAD Core/Src/usart.o
LOAD Core/Startup/startup_stm32f446retx.o
LOAD Drivers/STM32F4xx_HAL_Driver/Src/stm32f4xx_hal.o
LOAD Drivers/STM32F4xx_HAL_Driver/Src/stm32f4xx_hal_adc.o
LOAD Drivers/STM32F4xx_HAL_Driver/Src/stm32f4xx_hal_adc_ex.o
LOAD Drivers/STM32F4xx_HAL_Driver/Src/stm32f4xx_hal_can.o
LOAD Drivers/STM32F4xx_HAL_Driver/Src/stm32f4xx_hal_cortex.o
LOAD Drivers/STM32F4xx_HAL_Driver/Src/stm32f4xx_hal_dma.o
LOAD Drivers/STM32F4xx_HAL_Driver/Src/stm32f4xx_hal_dma_ex.o
LOAD Drivers/STM32F4xx_HAL_Driver/Src/stm32f4xx_hal_exti.o
LOAD Drivers/STM32F4xx_HAL_Driver/Src/stm32f4xx_hal_flash.o
LOAD Drivers/STM32F4xx_HAL_Driver/Src/stm32f4xx_hal_flash_ex.o
LOAD Drivers/STM32F4xx_HAL_Driver/Src/stm32f4xx_hal_flash_ramfunc.o
LOAD Drivers/STM32F4xx_HAL_Driver/Src/stm32f4xx_hal_gpio.o
LOAD Drivers/STM32F4xx_HAL_Driver/Src/stm32f4xx_hal_pwr.o
LOAD Drivers/STM32F4xx_HAL_Driver/Src/stm32f4xx_hal_pwr_ex.o
LOAD Drivers/STM32F4xx_HAL_Driver/Src/stm32f4xx_hal_rcc.o
LOAD Drivers/STM32F4xx_HAL_Driver/Src/stm32f4xx_hal_rcc_ex.o
LOAD Drivers/STM32F4xx_HAL_Driver/Src/stm32f4xx_hal_spi.o
LOAD Drivers/STM32F4xx_HAL_Driver/Src/stm32f4xx_hal_tim.o
LOAD Drivers/STM32F4xx_HAL_Driver/Src/stm32f4xx_hal_tim_ex.o
LOAD Drivers/STM32F4xx_HAL_Driver/Src/stm32f4xx_hal_uart.o
START GROUP
LOAD /usr/lib/gcc/arm-none-eabi/9.2.1/../../../arm-none-eabi/lib/thumb/v7e-m+fp/hard/libstdc++_nano.a
LOAD /usr/lib/gcc/arm-none-eabi/9.2.1/../../../arm-none-eabi/lib/thumb/v7e-m+fp/hard/libsupc++_nano.a
END GROUP
LOAD /usr/lib/gcc/arm-none-eabi/9.2.1/../../../arm-none-eabi/lib/thumb/v7e-m+fp/hard/libstdc++_nano.a
LOAD /usr/lib/gcc/arm-none-eabi/9.2.1/../../../arm-none-eabi/lib/thumb/v7e-m+fp/hard/libm.a
LOAD /usr/lib/gcc/arm-none-eabi/9.2.1/../../../arm-none-eabi/lib/thumb/v7e-m+fp/hard/libc_nano.a
START GROUP
LOAD /usr/lib/gcc/arm-none-eabi/9.2.1/thumb/v7e-m+fp/hard/libgcc.a
LOAD /usr/lib/gcc/arm-none-eabi/9.2.1/../../../arm-none-eabi/lib/thumb/v7e-m+fp/hard/libc_nano.a
END GROUP
START GROUP
LOAD /usr/lib/gcc/arm-none-eabi/9.2.1/thumb/v7e-m+fp/hard/libgcc.a
LOAD /usr/lib/gcc/arm-none-eabi/9.2.1/../../../arm-none-eabi/lib/thumb/v7e-m+fp/hard/libc_nano.a
LOAD /usr/lib/gcc/arm-none-eabi/9.2.1/../../../arm-none-eabi/lib/thumb/v7e-m+fp/hard/libnosys.a
END GROUP
START GROUP
LOAD /usr/lib/gcc/arm-none-eabi/9.2.1/thumb/v7e-m+fp/hard/libgcc.a
LOAD /usr/lib/gcc/arm-none-eabi/9.2.1/../../../arm-none-eabi/lib/thumb/v7e-m+fp/hard/libc_nano.a
LOAD /usr/lib/gcc/arm-none-eabi/9.2.1/../../../arm-none-eabi/lib/thumb/v7e-m+fp/hard/libnosys.a
END GROUP
LOAD /usr/lib/gcc/arm-none-eabi/9.2.1/thumb/v7e-m+fp/hard/crtend.o
LOAD /usr/lib/gcc/arm-none-eabi/9.2.1/thumb/v7e-m+fp/hard/crtn.o
                0x0000000020020000                _estack = (ORIGIN (RAM) + LENGTH (RAM))
                0x0000000000000200                _Min_Heap_Size = 0x200
                0x0000000000000400                _Min_Stack_Size = 0x400

.isr_vector     0x0000000008000000      0x1c4
                0x0000000008000000                . = ALIGN (0x4)
 *(.isr_vector)
 .isr_vector    0x0000000008000000      0x1c4 Core/Startup/startup_stm32f446retx.o
                0x0000000008000000                g_pfnVectors
                0x00000000080001c4                . = ALIGN (0x4)

.text           0x0000000008000200    0x10c44
                0x0000000008000200                . = ALIGN (0x4)
 *(.text)
 .text          0x0000000008000200       0x88 /usr/lib/gcc/arm-none-eabi/9.2.1/thumb/v7e-m+fp/hard/crtbegin.o
 .text          0x0000000008000288       0xa0 /usr/lib/gcc/arm-none-eabi/9.2.1/../../../arm-none-eabi/lib/thumb/v7e-m+fp/hard/libm.a(lib_a-s_round.o)
                0x0000000008000288                round
 .text          0x0000000008000328       0x3c /usr/lib/gcc/arm-none-eabi/9.2.1/../../../arm-none-eabi/lib/thumb/v7e-m+fp/hard/libm.a(lib_a-sf_fmax.o)
                0x0000000008000328                fmaxf
 .text          0x0000000008000364       0x3c /usr/lib/gcc/arm-none-eabi/9.2.1/../../../arm-none-eabi/lib/thumb/v7e-m+fp/hard/libm.a(lib_a-sf_fmin.o)
                0x0000000008000364                fminf
 .text          0x00000000080003a0       0x38 /usr/lib/gcc/arm-none-eabi/9.2.1/../../../arm-none-eabi/lib/thumb/v7e-m+fp/hard/libm.a(lib_a-sf_fpclassify.o)
                0x00000000080003a0                __fpclassifyf
 .text          0x00000000080003d8       0xa4 /usr/lib/gcc/arm-none-eabi/9.2.1/../../../arm-none-eabi/lib/thumb/v7e-m+fp/hard/libm.a(lib_a-w_exp.o)
                0x00000000080003d8                exp
 .text          0x000000000800047c       0x60 /usr/lib/gcc/arm-none-eabi/9.2.1/../../../arm-none-eabi/lib/thumb/v7e-m+fp/hard/libm.a(lib_a-wf_fmod.o)
                0x000000000800047c                fmodf
 .text          0x00000000080004dc       0x50 /usr/lib/gcc/arm-none-eabi/9.2.1/../../../arm-none-eabi/lib/thumb/v7e-m+fp/hard/libm.a(lib_a-wf_sqrt.o)
                0x00000000080004dc                sqrtf
 *fill*         0x000000000800052c        0x4 
 .text          0x0000000008000530      0x38c /usr/lib/gcc/arm-none-eabi/9.2.1/../../../arm-none-eabi/lib/thumb/v7e-m+fp/hard/libm.a(lib_a-e_exp.o)
                0x0000000008000530                __ieee754_exp
 .text          0x00000000080008bc      0x128 /usr/lib/gcc/arm-none-eabi/9.2.1/../../../arm-none-eabi/lib/thumb/v7e-m+fp/hard/libm.a(lib_a-ef_fmod.o)
                0x00000000080008bc                __ieee754_fmodf
 .text          0x00000000080009e4        0x8 /usr/lib/gcc/arm-none-eabi/9.2.1/../../../arm-none-eabi/lib/thumb/v7e-m+fp/hard/libm.a(lib_a-ef_sqrt.o)
                0x00000000080009e4                __ieee754_sqrtf
 .text          0x00000000080009ec       0x10 /usr/lib/gcc/arm-none-eabi/9.2.1/../../../arm-none-eabi/lib/thumb/v7e-m+fp/hard/libm.a(lib_a-s_finite.o)
                0x00000000080009ec                finite
 .text          0x00000000080009fc        0x8 /usr/lib/gcc/arm-none-eabi/9.2.1/../../../arm-none-eabi/lib/thumb/v7e-m+fp/hard/libc_nano.a(lib_a-atof.o)
                0x00000000080009fc                atof
 .text          0x0000000008000a04       0x10 /usr/lib/gcc/arm-none-eabi/9.2.1/../../../arm-none-eabi/lib/thumb/v7e-m+fp/hard/libc_nano.a(lib_a-atoi.o)
                0x0000000008000a04                atoi
                0x0000000008000a0c                _atoi_r
 .text          0x0000000008000a14        0xc /usr/lib/gcc/arm-none-eabi/9.2.1/../../../arm-none-eabi/lib/thumb/v7e-m+fp/hard/libc_nano.a(lib_a-errno.o)
                0x0000000008000a14                __errno
 .text          0x0000000008000a20       0x48 /usr/lib/gcc/arm-none-eabi/9.2.1/../../../arm-none-eabi/lib/thumb/v7e-m+fp/hard/libc_nano.a(lib_a-init.o)
                0x0000000008000a20                __libc_init_array
 .text          0x0000000008000a68      0x134 /usr/lib/gcc/arm-none-eabi/9.2.1/../../../arm-none-eabi/lib/thumb/v7e-m+fp/hard/libc_nano.a(lib_a-memcpy.o)
                0x0000000008000a68                memcpy
 .text          0x0000000008000b9c       0xa0 /usr/lib/gcc/arm-none-eabi/9.2.1/../../../arm-none-eabi/lib/thumb/v7e-m+fp/hard/libc_nano.a(lib_a-memset.o)
                0x0000000008000b9c                memset
 .text          0x0000000008000c3c      0x6b8 /usr/lib/gcc/arm-none-eabi/9.2.1/../../../arm-none-eabi/lib/thumb/v7e-m+fp/hard/libc_nano.a(lib_a-nano-vfprintf_float.o)
                0x0000000008000c3c                __cvt
                0x0000000008000d38                __exponent
                0x0000000008000dc4                _printf_float
 .text          0x00000000080012f4      0x3c4 /usr/lib/gcc/arm-none-eabi/9.2.1/../../../arm-none-eabi/lib/thumb/v7e-m+fp/hard/libc_nano.a(lib_a-nano-vfprintf_i.o)
                0x00000000080012f4                _printf_common
                0x0000000008001420                _printf_i
 .text          0x00000000080016b8       0x68 /usr/lib/gcc/arm-none-eabi/9.2.1/../../../arm-none-eabi/lib/thumb/v7e-m+fp/hard/libc_nano.a(lib_a-printf.o)
                0x00000000080016b8                _printf_r
                0x00000000080016b8                _iprintf_r
                0x00000000080016e8                printf
                0x00000000080016e8                iprintf
 .text          0x0000000008001720       0xe8 /usr/lib/gcc/arm-none-eabi/9.2.1/../../../arm-none-eabi/lib/thumb/v7e-m+fp/hard/libc_nano.a(lib_a-puts.o)
                0x0000000008001720                _puts_r
                0x00000000080017f8                puts
 *fill*         0x0000000008001808       0x38 
 .text          0x0000000008001840       0xdc /usr/lib/gcc/arm-none-eabi/9.2.1/../../../arm-none-eabi/lib/thumb/v7e-m+fp/hard/libc_nano.a(lib_a-strlen.o)
                0x0000000008001840                strlen
 *fill*         0x000000000800191c        0x4 
 .text          0x0000000008001920     0x111c /usr/lib/gcc/arm-none-eabi/9.2.1/../../../arm-none-eabi/lib/thumb/v7e-m+fp/hard/libc_nano.a(lib_a-strtod.o)
                0x0000000008001958                _strtod_l
                0x0000000008002890                _strtod_r
                0x000000000800289c                strtod_l
                0x00000000080028b4                strtod
                0x00000000080028d0                strtof_l
                0x0000000008002984                strtof
 .text          0x0000000008002a3c      0x168 /usr/lib/gcc/arm-none-eabi/9.2.1/../../../arm-none-eabi/lib/thumb/v7e-m+fp/hard/libc_nano.a(lib_a-strtol.o)
                0x0000000008002b70                _strtol_r
                0x0000000008002b74                strtol_l
                0x0000000008002b8c                strtol
 .text          0x0000000008002ba4       0xc0 /usr/lib/gcc/arm-none-eabi/9.2.1/../../../arm-none-eabi/lib/thumb/v7e-m+fp/hard/libc_nano.a(lib_a-wbuf.o)
                0x0000000008002ba4                __swbuf_r
                0x0000000008002c54                __swbuf
 .text          0x0000000008002c64      0x100 /usr/lib/gcc/arm-none-eabi/9.2.1/../../../arm-none-eabi/lib/thumb/v7e-m+fp/hard/libc_nano.a(lib_a-wsetup.o)
                0x0000000008002c64                __swsetup_r
 *fill*         0x0000000008002d64        0x4 
 .text          0x0000000008002d68      0xffc /usr/lib/gcc/arm-none-eabi/9.2.1/../../../arm-none-eabi/lib/thumb/v7e-m+fp/hard/libc_nano.a(lib_a-dtoa.o)
                0x0000000008002e8c                _dtoa_r
 .text          0x0000000008003d64      0x1b0 /usr/lib/gcc/arm-none-eabi/9.2.1/../../../arm-none-eabi/lib/thumb/v7e-m+fp/hard/libc_nano.a(lib_a-fflush.o)
                0x0000000008003d64                __sflush_r
                0x0000000008003e90                _fflush_r
                0x0000000008003ef0                fflush
 .text          0x0000000008003f14      0x210 /usr/lib/gcc/arm-none-eabi/9.2.1/../../../arm-none-eabi/lib/thumb/v7e-m+fp/hard/libc_nano.a(lib_a-findfp.o)
                0x0000000008003f18                _cleanup_r
                0x0000000008003f28                __sfmoreglue
                0x0000000008003f58                __sfp
                0x00000000080040d0                _cleanup
                0x00000000080040e4                __sinit
                0x00000000080040ec                __sfp_lock_acquire
                0x00000000080040f0                __sfp_lock_release
                0x00000000080040f4                __sinit_lock_acquire
                0x00000000080040f8                __sinit_lock_release
                0x00000000080040fc                __fp_lock_all
                0x0000000008004110                __fp_unlock_all
 .text          0x0000000008004124       0xa0 /usr/lib/gcc/arm-none-eabi/9.2.1/../../../arm-none-eabi/lib/thumb/v7e-m+fp/hard/libc_nano.a(lib_a-fwalk.o)
                0x0000000008004124                _fwalk
                0x0000000008004170                _fwalk_reent
 .text          0x00000000080041c4      0x600 /usr/lib/gcc/arm-none-eabi/9.2.1/../../../arm-none-eabi/lib/thumb/v7e-m+fp/hard/libc_nano.a(lib_a-gdtoa-gethex.o)
                0x0000000008004264                __gethex
 .text          0x00000000080047c4      0x1cc /usr/lib/gcc/arm-none-eabi/9.2.1/../../../arm-none-eabi/lib/thumb/v7e-m+fp/hard/libc_nano.a(lib_a-gdtoa-hexnan.o)
                0x00000000080047c4                __match
                0x00000000080047f4                __hexnan
 .text          0x0000000008004990       0x14 /usr/lib/gcc/arm-none-eabi/9.2.1/../../../arm-none-eabi/lib/thumb/v7e-m+fp/hard/libc_nano.a(lib_a-localeconv.o)
                0x0000000008004990                __localeconv_l
                0x0000000008004994                _localeconv_r
                0x000000000800499c                localeconv
 .text          0x00000000080049a4       0xf0 /usr/lib/gcc/arm-none-eabi/9.2.1/../../../arm-none-eabi/lib/thumb/v7e-m+fp/hard/libc_nano.a(lib_a-makebuf.o)
                0x00000000080049a4                __swhatbuf_r
                0x0000000008004a00                __smakebuf_r
 .text          0x0000000008004a94       0x20 /usr/lib/gcc/arm-none-eabi/9.2.1/../../../arm-none-eabi/lib/thumb/v7e-m+fp/hard/libc_nano.a(lib_a-malloc.o)
                0x0000000008004a94                malloc
                0x0000000008004aa4                free
 .text          0x0000000008004ab4       0x40 /usr/lib/gcc/arm-none-eabi/9.2.1/../../../arm-none-eabi/lib/thumb/v7e-m+fp/hard/libc_nano.a(lib_a-mbtowc_r.o)
                0x0000000008004ab4                _mbtowc_r
                0x0000000008004ac8                __ascii_mbtowc
 *fill*         0x0000000008004af4        0xc 
 .text          0x0000000008004b00       0xa0 /usr/lib/gcc/arm-none-eabi/9.2.1/../../../arm-none-eabi/lib/thumb/v7e-m+fp/hard/libc_nano.a(lib_a-memchr.o)
                0x0000000008004b00                memchr
 .text          0x0000000008004ba0      0xa38 /usr/lib/gcc/arm-none-eabi/9.2.1/../../../arm-none-eabi/lib/thumb/v7e-m+fp/hard/libc_nano.a(lib_a-mprec.o)
                0x0000000008004ba0                _Balloc
                0x0000000008004c20                _Bfree
                0x0000000008004c6c                __multadd
                0x0000000008004d0c                __s2b
                0x0000000008004db8                __hi0bits
                0x0000000008004df8                __lo0bits
                0x0000000008004e58                __i2b
                0x0000000008004e84                __multiply
                0x0000000008004fd0                __pow5mult
                0x0000000008005094                __lshift
                0x000000000800515c                __mcmp
                0x0000000008005194                __mdiff
                0x00000000080052bc                __ulp
                0x000000000800530c                __b2d
                0x00000000080053c4                __d2b
                0x0000000008005498                __ratio
                0x00000000080054f8                _mprec_log10
                0x0000000008005538                __copybits
                0x0000000008005580                __any_on
 .text          0x00000000080055d8       0x1c /usr/lib/gcc/arm-none-eabi/9.2.1/../../../arm-none-eabi/lib/thumb/v7e-m+fp/hard/libc_nano.a(lib_a-nano-callocr.o)
                0x00000000080055d8                _calloc_r
 .text          0x00000000080055f4       0xac /usr/lib/gcc/arm-none-eabi/9.2.1/../../../arm-none-eabi/lib/thumb/v7e-m+fp/hard/libc_nano.a(lib_a-nano-freer.o)
                0x00000000080055f4                _free_r
 .text          0x00000000080056a0       0xc8 /usr/lib/gcc/arm-none-eabi/9.2.1/../../../arm-none-eabi/lib/thumb/v7e-m+fp/hard/libc_nano.a(lib_a-nano-mallocr.o)
                0x00000000080056a0                _malloc_r
 .text          0x0000000008005768      0x364 /usr/lib/gcc/arm-none-eabi/9.2.1/../../../arm-none-eabi/lib/thumb/v7e-m+fp/hard/libc_nano.a(lib_a-nano-vfprintf.o)
                0x00000000080057a4                __sfputs_r
                0x00000000080057d4                __sprint_r
                0x00000000080057f0                _vfiprintf_r
                0x00000000080057f0                _vfprintf_r
                0x0000000008005ab4                vfiprintf
                0x0000000008005ab4                vfprintf
 *fill*         0x0000000008005acc        0x4 
 .text          0x0000000008005ad0       0x10 /usr/lib/gcc/arm-none-eabi/9.2.1/../../../arm-none-eabi/lib/thumb/v7e-m+fp/hard/libc_nano.a(lib_a-s_nan.o)
                0x0000000008005ad0                nan
 .text          0x0000000008005ae0       0x24 /usr/lib/gcc/arm-none-eabi/9.2.1/../../../arm-none-eabi/lib/thumb/v7e-m+fp/hard/libc_nano.a(lib_a-sbrkr.o)
                0x0000000008005ae0                _sbrk_r
 .text          0x0000000008005b04        0xc /usr/lib/gcc/arm-none-eabi/9.2.1/../../../arm-none-eabi/lib/thumb/v7e-m+fp/hard/libc_nano.a(lib_a-sf_nan.o)
                0x0000000008005b04                nanf
 .text          0x0000000008005b10       0x90 /usr/lib/gcc/arm-none-eabi/9.2.1/../../../arm-none-eabi/lib/thumb/v7e-m+fp/hard/libc_nano.a(lib_a-stdio.o)
                0x0000000008005b10                __sread
                0x0000000008005b34                __seofread
                0x0000000008005b38                __swrite
                0x0000000008005b78                __sseek
                0x0000000008005b98                __sclose
 .text          0x0000000008005ba0       0xa4 /usr/lib/gcc/arm-none-eabi/9.2.1/../../../arm-none-eabi/lib/thumb/v7e-m+fp/hard/libc_nano.a(lib_a-strncmp.o)
                0x0000000008005ba0                strncmp
 .text          0x0000000008005c44       0x30 /usr/lib/gcc/arm-none-eabi/9.2.1/../../../arm-none-eabi/lib/thumb/v7e-m+fp/hard/libc_nano.a(lib_a-wctomb_r.o)
                0x0000000008005c44                _wctomb_r
                0x0000000008005c58                __ascii_wctomb
 .text          0x0000000008005c74       0x2c /usr/lib/gcc/arm-none-eabi/9.2.1/../../../arm-none-eabi/lib/thumb/v7e-m+fp/hard/libc_nano.a(lib_a-writer.o)
                0x0000000008005c74                _write_r
 .text          0x0000000008005ca0       0x48 /usr/lib/gcc/arm-none-eabi/9.2.1/../../../arm-none-eabi/lib/thumb/v7e-m+fp/hard/libc_nano.a(lib_a-assert.o)
                0x0000000008005ca0                __assert_func
                0x0000000008005cdc                __assert
 .text          0x0000000008005ce8       0x24 /usr/lib/gcc/arm-none-eabi/9.2.1/../../../arm-none-eabi/lib/thumb/v7e-m+fp/hard/libc_nano.a(lib_a-closer.o)
                0x0000000008005ce8                _close_r
 .text          0x0000000008005d0c       0x44 /usr/lib/gcc/arm-none-eabi/9.2.1/../../../arm-none-eabi/lib/thumb/v7e-m+fp/hard/libc_nano.a(lib_a-fprintf.o)
                0x0000000008005d0c                _fprintf_r
                0x0000000008005d0c                _fiprintf_r
                0x0000000008005d28                fprintf
                0x0000000008005d28                fiprintf
 .text          0x0000000008005d50       0x28 /usr/lib/gcc/arm-none-eabi/9.2.1/../../../arm-none-eabi/lib/thumb/v7e-m+fp/hard/libc_nano.a(lib_a-fstatr.o)
                0x0000000008005d50                _fstat_r
 .text          0x0000000008005d78      0x308 /usr/lib/gcc/arm-none-eabi/9.2.1/../../../arm-none-eabi/lib/thumb/v7e-m+fp/hard/libc_nano.a(lib_a-fvwrite.o)
                0x0000000008005d78                __sfvwrite_r
 .text          0x0000000008006080       0x24 /usr/lib/gcc/arm-none-eabi/9.2.1/../../../arm-none-eabi/lib/thumb/v7e-m+fp/hard/libc_nano.a(lib_a-isattyr.o)
                0x0000000008006080                _isatty_r
 .text          0x00000000080060a4       0x2c /usr/lib/gcc/arm-none-eabi/9.2.1/../../../arm-none-eabi/lib/thumb/v7e-m+fp/hard/libc_nano.a(lib_a-lseekr.o)
                0x00000000080060a4                _lseek_r
 .text          0x00000000080060d0       0xd0 /usr/lib/gcc/arm-none-eabi/9.2.1/../../../arm-none-eabi/lib/thumb/v7e-m+fp/hard/libc_nano.a(lib_a-memmove.o)
                0x00000000080060d0                memmove
 .text          0x00000000080061a0        0x8 /usr/lib/gcc/arm-none-eabi/9.2.1/../../../arm-none-eabi/lib/thumb/v7e-m+fp/hard/libc_nano.a(lib_a-mlock.o)
                0x00000000080061a0                __malloc_lock
                0x00000000080061a4                __malloc_unlock
 .text          0x00000000080061a8       0x4c /usr/lib/gcc/arm-none-eabi/9.2.1/../../../arm-none-eabi/lib/thumb/v7e-m+fp/hard/libc_nano.a(lib_a-nano-reallocr.o)
                0x00000000080061a8                _realloc_r
 .text          0x00000000080061f4       0x2c /usr/lib/gcc/arm-none-eabi/9.2.1/../../../arm-none-eabi/lib/thumb/v7e-m+fp/hard/libc_nano.a(lib_a-readr.o)
                0x00000000080061f4                _read_r
 .text          0x0000000008006220       0x10 /usr/lib/gcc/arm-none-eabi/9.2.1/../../../arm-none-eabi/lib/thumb/v7e-m+fp/hard/libc_nano.a(lib_a-abort.o)
                0x0000000008006220                abort
 .text          0x0000000008006230       0x10 /usr/lib/gcc/arm-none-eabi/9.2.1/../../../arm-none-eabi/lib/thumb/v7e-m+fp/hard/libc_nano.a(lib_a-nano-msizer.o)
                0x0000000008006230                _malloc_usable_size_r
 .text          0x0000000008006240      0x150 /usr/lib/gcc/arm-none-eabi/9.2.1/../../../arm-none-eabi/lib/thumb/v7e-m+fp/hard/libc_nano.a(lib_a-signal.o)
                0x0000000008006268                _init_signal_r
                0x0000000008006274                _signal_r
                0x00000000080062a8                _raise_r
                0x00000000080062fc                __sigtramp_r
                0x000000000800634c                raise
                0x000000000800635c                signal
                0x000000000800636c                _init_signal
                0x0000000008006380                __sigtramp
 .text          0x0000000008006390       0x2c /usr/lib/gcc/arm-none-eabi/9.2.1/../../../arm-none-eabi/lib/thumb/v7e-m+fp/hard/libc_nano.a(lib_a-signalr.o)
                0x0000000008006390                _kill_r
                0x00000000080063b8                _getpid_r
 .text          0x00000000080063bc      0x378 /usr/lib/gcc/arm-none-eabi/9.2.1/thumb/v7e-m+fp/hard/libgcc.a(_arm_addsubdf3.o)
                0x00000000080063bc                __aeabi_drsub
                0x00000000080063c4                __aeabi_dsub
                0x00000000080063c4                __subdf3
                0x00000000080063c8                __adddf3
                0x00000000080063c8                __aeabi_dadd
                0x0000000008006640                __aeabi_ui2d
                0x0000000008006640                __floatunsidf
                0x0000000008006660                __floatsidf
                0x0000000008006660                __aeabi_i2d
                0x0000000008006684                __extendsfdf2
                0x0000000008006684                __aeabi_f2d
                0x00000000080066c8                __aeabi_ul2d
                0x00000000080066c8                __floatundidf
                0x00000000080066d8                __floatdidf
                0x00000000080066d8                __aeabi_l2d
 .text          0x0000000008006734      0x424 /usr/lib/gcc/arm-none-eabi/9.2.1/thumb/v7e-m+fp/hard/libgcc.a(_arm_muldivdf3.o)
                0x0000000008006734                __aeabi_dmul
                0x0000000008006734                __muldf3
                0x0000000008006988                __aeabi_ddiv
                0x0000000008006988                __divdf3
 .text          0x0000000008006b58      0x110 /usr/lib/gcc/arm-none-eabi/9.2.1/thumb/v7e-m+fp/hard/libgcc.a(_arm_cmpdf2.o)
                0x0000000008006b58                __gtdf2
                0x0000000008006b58                __gedf2
                0x0000000008006b60                __ltdf2
                0x0000000008006b60                __ledf2
                0x0000000008006b68                __cmpdf2
                0x0000000008006b68                __eqdf2
                0x0000000008006b68                __nedf2
                0x0000000008006be4                __aeabi_cdrcmple
                0x0000000008006bf4                __aeabi_cdcmple
                0x0000000008006bf4                __aeabi_cdcmpeq
                0x0000000008006c04                __aeabi_dcmpeq
                0x0000000008006c18                __aeabi_dcmplt
                0x0000000008006c2c                __aeabi_dcmple
                0x0000000008006c40                __aeabi_dcmpge
                0x0000000008006c54                __aeabi_dcmpgt
 .text          0x0000000008006c68       0x2c /usr/lib/gcc/arm-none-eabi/9.2.1/thumb/v7e-m+fp/hard/libgcc.a(_arm_unorddf2.o)
                0x0000000008006c68                __aeabi_dcmpun
                0x0000000008006c68                __unorddf2
 .text          0x0000000008006c94       0x50 /usr/lib/gcc/arm-none-eabi/9.2.1/thumb/v7e-m+fp/hard/libgcc.a(_arm_fixdfsi.o)
                0x0000000008006c94                __fixdfsi
                0x0000000008006c94                __aeabi_d2iz
 .text          0x0000000008006ce4       0x40 /usr/lib/gcc/arm-none-eabi/9.2.1/thumb/v7e-m+fp/hard/libgcc.a(_arm_fixunsdfsi.o)
                0x0000000008006ce4                __fixunsdfsi
                0x0000000008006ce4                __aeabi_d2uiz
 .text          0x0000000008006d24       0xa0 /usr/lib/gcc/arm-none-eabi/9.2.1/thumb/v7e-m+fp/hard/libgcc.a(_arm_truncdfsf2.o)
                0x0000000008006d24                __aeabi_d2f
                0x0000000008006d24                __truncdfsf2
 .text          0x0000000008006dc4       0x30 /usr/lib/gcc/arm-none-eabi/9.2.1/thumb/v7e-m+fp/hard/libgcc.a(_aeabi_uldivmod.o)
                0x0000000008006dc4                __aeabi_uldivmod
 .text          0x0000000008006df4       0x30 /usr/lib/gcc/arm-none-eabi/9.2.1/thumb/v7e-m+fp/hard/libgcc.a(_fixdfdi.o)
                0x0000000008006df4                __aeabi_d2lz
                0x0000000008006df4                __fixdfdi
 .text          0x0000000008006e24       0x3c /usr/lib/gcc/arm-none-eabi/9.2.1/thumb/v7e-m+fp/hard/libgcc.a(_fixunsdfdi.o)
                0x0000000008006e24                __aeabi_d2ulz
                0x0000000008006e24                __fixunsdfdi
 .text          0x0000000008006e60      0x2c4 /usr/lib/gcc/arm-none-eabi/9.2.1/thumb/v7e-m+fp/hard/libgcc.a(_udivmoddi4.o)
                0x0000000008006e60                __udivmoddi4
 .text          0x0000000008007124        0x4 /usr/lib/gcc/arm-none-eabi/9.2.1/thumb/v7e-m+fp/hard/libgcc.a(_dvmd_tls.o)
                0x0000000008007124                __aeabi_ldiv0
                0x0000000008007124                __aeabi_idiv0
 *(.text*)
 .text.MX_ADC1_Init
                0x0000000008007128       0xd4 Core/Src/adc.o
                0x0000000008007128                MX_ADC1_Init
 .text.MX_ADC2_Init
                0x00000000080071fc       0x94 Core/Src/adc.o
                0x00000000080071fc                MX_ADC2_Init
 .text.MX_ADC3_Init
                0x0000000008007290       0x94 Core/Src/adc.o
                0x0000000008007290                MX_ADC3_Init
 .text.HAL_ADC_MspInit
                0x0000000008007324      0x14c Core/Src/adc.o
                0x0000000008007324                HAL_ADC_MspInit
 .text.order_phases
                0x0000000008007470      0x210 Core/Src/calibration.o
                0x0000000008007470                order_phases
 .text.calibrate_encoder
                0x0000000008007680      0x588 Core/Src/calibration.o
                0x0000000008007680                calibrate_encoder
 .text.MX_CAN1_Init
                0x0000000008007c08       0x6c Core/Src/can.o
                0x0000000008007c08                MX_CAN1_Init
 .text.HAL_CAN_MspInit
                0x0000000008007c74       0xa0 Core/Src/can.o
                0x0000000008007c74                HAL_CAN_MspInit
 .text.can_rx_init
                0x0000000008007d14       0x5c Core/Src/can.o
                0x0000000008007d14                can_rx_init
 .text.can_tx_init
                0x0000000008007d70       0x34 Core/Src/can.o
                0x0000000008007d70                can_tx_init
 .text.pack_reply
                0x0000000008007da4       0xf0 Core/Src/can.o
                0x0000000008007da4                pack_reply
 .text.unpack_cmd
                0x0000000008007e94      0x168 Core/Src/can.o
                0x0000000008007e94                unpack_cmd
 .text.drv_spi_write
                0x0000000008007ffc       0x5c Core/Src/drv8323.o
                0x0000000008007ffc                drv_spi_write
 .text.drv_read_FSR1
                0x0000000008008058       0x22 Core/Src/drv8323.o
                0x0000000008008058                drv_read_FSR1
 .text.drv_read_FSR2
                0x000000000800807a       0x22 Core/Src/drv8323.o
                0x000000000800807a                drv_read_FSR2
 .text.drv_read_register
                0x000000000800809c       0x38 Core/Src/drv8323.o
                0x000000000800809c                drv_read_register
 .text.drv_write_register
                0x00000000080080d4       0x36 Core/Src/drv8323.o
                0x00000000080080d4                drv_write_register
 .text.drv_write_DCR
                0x000000000800810a       0x84 Core/Src/drv8323.o
                0x000000000800810a                drv_write_DCR
 .text.drv_write_OCPCR
                0x000000000800818e       0x5c Core/Src/drv8323.o
                0x000000000800818e                drv_write_OCPCR
 .text.drv_write_CSACR
                0x00000000080081ea       0x84 Core/Src/drv8323.o
                0x00000000080081ea                drv_write_CSACR
 .text.drv_enable_gd
                0x000000000800826e       0x34 Core/Src/drv8323.o
                0x000000000800826e                drv_enable_gd
 .text.drv_disable_gd
                0x00000000080082a2       0x34 Core/Src/drv8323.o
                0x00000000080082a2                drv_disable_gd
 *fill*         0x00000000080082d6        0x2 
 .text.drv_print_faults
                0x00000000080082d8      0x1e8 Core/Src/drv8323.o
                0x00000000080082d8                drv_print_faults
 .text.flash_writer_init
                0x00000000080084c0       0x3c Core/Src/flash_writer.o
                0x00000000080084c0                flash_writer_init
 .text.flash_writer_open
                0x00000000080084fc       0x38 Core/Src/flash_writer.o
                0x00000000080084fc                flash_writer_open
 .text.flash_writer_write_int
                0x0000000008008534       0x2c Core/Src/flash_writer.o
                0x0000000008008534                flash_writer_write_int
 .text.flash_writer_write_float
                0x0000000008008560       0x32 Core/Src/flash_writer.o
                0x0000000008008560                flash_writer_write_float
 .text.flash_writer_close
                0x0000000008008592       0x1a Core/Src/flash_writer.o
                0x0000000008008592                flash_writer_close
 .text.flash_read_int
                0x00000000080085ac       0x2c Core/Src/flash_writer.o
                0x00000000080085ac                flash_read_int
 .text.flash_read_float
                0x00000000080085d8       0x34 Core/Src/flash_writer.o
                0x00000000080085d8                flash_read_float
 .text.set_dtc  0x000000000800860c      0x148 Core/Src/foc.o
                0x000000000800860c                set_dtc
 .text.analog_sample
                0x0000000008008754      0x100 Core/Src/foc.o
                0x0000000008008754                analog_sample
 .text.abc      0x0000000008008854      0x108 Core/Src/foc.o
                0x0000000008008854                abc
 .text.dq0      0x000000000800895c      0x120 Core/Src/foc.o
                0x000000000800895c                dq0
 .text.svm      0x0000000008008a7c      0x170 Core/Src/foc.o
                0x0000000008008a7c                svm
 .text.zero_current
                0x0000000008008bec       0x86 Core/Src/foc.o
                0x0000000008008bec                zero_current
 *fill*         0x0000000008008c72        0x2 
 .text.init_controller_params
                0x0000000008008c74      0x170 Core/Src/foc.o
                0x0000000008008c74                init_controller_params
 .text.reset_foc
                0x0000000008008de4       0xe8 Core/Src/foc.o
                0x0000000008008de4                reset_foc
 .text.field_weaken
                0x0000000008008ecc       0xe8 Core/Src/foc.o
                0x0000000008008ecc                field_weaken
 .text.commutate
                0x0000000008008fb4      0x428 Core/Src/foc.o
                0x0000000008008fb4                commutate
 .text.torque_control
                0x00000000080093dc       0xb4 Core/Src/foc.o
                0x00000000080093dc                torque_control
 .text.zero_commands
                0x0000000008009490       0x50 Core/Src/foc.o
                0x0000000008009490                zero_commands
 .text.run_fsm  0x00000000080094e0      0x1d8 Core/Src/fsm.o
                0x00000000080094e0                run_fsm
 .text.fsm_enter_state
                0x00000000080096b8       0xcc Core/Src/fsm.o
                0x00000000080096b8                fsm_enter_state
 .text.fsm_exit_state
                0x0000000008009784       0xb4 Core/Src/fsm.o
                0x0000000008009784                fsm_exit_state
 .text.update_fsm
                0x0000000008009838      0x1ac Core/Src/fsm.o
                0x0000000008009838                update_fsm
 .text.enter_menu_state
                0x00000000080099e4       0x58 Core/Src/fsm.o
                0x00000000080099e4                enter_menu_state
 .text.enter_setup_state
                0x0000000008009a3c      0x2ec Core/Src/fsm.o
                0x0000000008009a3c                enter_setup_state
 .text.process_user_input
                0x0000000008009d28      0x56c Core/Src/fsm.o
                0x0000000008009d28                process_user_input
 .text.MX_GPIO_Init
                0x000000000800a294      0x108 Core/Src/gpio.o
                0x000000000800a294                MX_GPIO_Init
 .text.main     0x000000000800a39c      0x5c8 Core/Src/main.o
                0x000000000800a39c                main
 .text.SystemClock_Config
                0x000000000800a964       0xe4 Core/Src/main.o
                0x000000000800a964                SystemClock_Config
 .text.Error_Handler
                0x000000000800aa48        0xe Core/Src/main.o
                0x000000000800aa48                Error_Handler
 .text.fast_fmaxf
                0x000000000800aa56       0x38 Core/Src/math_ops.o
                0x000000000800aa56                fast_fmaxf
 .text.fast_fminf
                0x000000000800aa8e       0x38 Core/Src/math_ops.o
                0x000000000800aa8e                fast_fminf
 .text.fmaxf3   0x000000000800aac6       0x68 Core/Src/math_ops.o
                0x000000000800aac6                fmaxf3
 .text.fminf3   0x000000000800ab2e       0x68 Core/Src/math_ops.o
                0x000000000800ab2e                fminf3
 .text.limit_norm
                0x000000000800ab96       0x92 Core/Src/math_ops.o
                0x000000000800ab96                limit_norm
 .text.float_to_uint
                0x000000000800ac28       0x66 Core/Src/math_ops.o
                0x000000000800ac28                float_to_uint
 .text.uint_to_float
                0x000000000800ac8e       0x64 Core/Src/math_ops.o
                0x000000000800ac8e                uint_to_float
 *fill*         0x000000000800acf2        0x2 
 .text.sin_lut  0x000000000800acf4       0x74 Core/Src/math_ops.o
                0x000000000800acf4                sin_lut
 .text.cos_lut  0x000000000800ad68       0x30 Core/Src/math_ops.o
                0x000000000800ad68                cos_lut
 .text.ps_warmup
                0x000000000800ad98       0x70 Core/Src/position_sensor.o
                0x000000000800ad98                ps_warmup
 .text.ps_sample
                0x000000000800ae08      0x2e4 Core/Src/position_sensor.o
                0x000000000800ae08                ps_sample
 .text.ps_print
                0x000000000800b0ec       0x8c Core/Src/position_sensor.o
                0x000000000800b0ec                ps_print
 .text.preference_writer_init
                0x000000000800b178       0x22 Core/Src/preference_writer.o
                0x000000000800b178                preference_writer_init
 .text.preference_writer_open
                0x000000000800b19a       0x1e Core/Src/preference_writer.o
                0x000000000800b19a                preference_writer_open
 .text.preference_writer_ready
                0x000000000800b1b8       0x1a Core/Src/preference_writer.o
                0x000000000800b1b8                preference_writer_ready
 *fill*         0x000000000800b1d2        0x2 
 .text.preference_writer_flush
                0x000000000800b1d4       0x78 Core/Src/preference_writer.o
                0x000000000800b1d4                preference_writer_flush
 .text.preference_writer_load
                0x000000000800b24c       0x84 Core/Src/preference_writer.o
                0x000000000800b24c                preference_writer_load
 .text.preference_writer_close
                0x000000000800b2d0       0x1e Core/Src/preference_writer.o
                0x000000000800b2d0                preference_writer_close
 *fill*         0x000000000800b2ee        0x2 
 .text.MX_SPI1_Init
                0x000000000800b2f0       0x70 Core/Src/spi.o
                0x000000000800b2f0                MX_SPI1_Init
 .text.MX_SPI3_Init
                0x000000000800b360       0x70 Core/Src/spi.o
                0x000000000800b360                MX_SPI3_Init
 .text.HAL_SPI_MspInit
                0x000000000800b3d0       0xfc Core/Src/spi.o
                0x000000000800b3d0                HAL_SPI_MspInit
 .text.FLASH_Unlock
                0x000000000800b4cc       0x30 Core/Src/stm32f4xx_flash.o
                0x000000000800b4cc                FLASH_Unlock
 .text.FLASH_Lock
                0x000000000800b4fc       0x20 Core/Src/stm32f4xx_flash.o
                0x000000000800b4fc                FLASH_Lock
 .text.FLASH_EraseSector
                0x000000000800b51c       0xc0 Core/Src/stm32f4xx_flash.o
                0x000000000800b51c                FLASH_EraseSector
 .text.FLASH_ProgramWord
                0x000000000800b5dc       0x68 Core/Src/stm32f4xx_flash.o
                0x000000000800b5dc                FLASH_ProgramWord
 .text.FLASH_ClearFlag
                0x000000000800b644       0x20 Core/Src/stm32f4xx_flash.o
                0x000000000800b644                FLASH_ClearFlag
 .text.FLASH_GetStatus
                0x000000000800b664       0x7c Core/Src/stm32f4xx_flash.o
                0x000000000800b664                FLASH_GetStatus
 .text.FLASH_WaitForLastOperation2
                0x000000000800b6e0       0x30 Core/Src/stm32f4xx_flash.o
                0x000000000800b6e0                FLASH_WaitForLastOperation2
 .text.HAL_MspInit
                0x000000000800b710       0x50 Core/Src/stm32f4xx_hal_msp.o
                0x000000000800b710                HAL_MspInit
 .text.NMI_Handler
                0x000000000800b760        0xe Core/Src/stm32f4xx_it.o
                0x000000000800b760                NMI_Handler
 .text.HardFault_Handler
                0x000000000800b76e        0x6 Core/Src/stm32f4xx_it.o
                0x000000000800b76e                HardFault_Handler
 .text.MemManage_Handler
                0x000000000800b774        0x6 Core/Src/stm32f4xx_it.o
                0x000000000800b774                MemManage_Handler
 .text.BusFault_Handler
                0x000000000800b77a        0x6 Core/Src/stm32f4xx_it.o
                0x000000000800b77a                BusFault_Handler
 .text.UsageFault_Handler
                0x000000000800b780        0x6 Core/Src/stm32f4xx_it.o
                0x000000000800b780                UsageFault_Handler
 .text.SVC_Handler
                0x000000000800b786        0xe Core/Src/stm32f4xx_it.o
                0x000000000800b786                SVC_Handler
 .text.DebugMon_Handler
                0x000000000800b794        0xe Core/Src/stm32f4xx_it.o
                0x000000000800b794                DebugMon_Handler
 .text.PendSV_Handler
                0x000000000800b7a2        0xe Core/Src/stm32f4xx_it.o
                0x000000000800b7a2                PendSV_Handler
 .text.SysTick_Handler
                0x000000000800b7b0        0xc Core/Src/stm32f4xx_it.o
                0x000000000800b7b0                SysTick_Handler
 .text.CAN1_RX0_IRQHandler
                0x000000000800b7bc      0x248 Core/Src/stm32f4xx_it.o
                0x000000000800b7bc                CAN1_RX0_IRQHandler
 .text.TIM1_UP_TIM10_IRQHandler
                0x000000000800ba04       0x4c Core/Src/stm32f4xx_it.o
                0x000000000800ba04                TIM1_UP_TIM10_IRQHandler
 .text.USART2_IRQHandler
                0x000000000800ba50       0x38 Core/Src/stm32f4xx_it.o
                0x000000000800ba50                USART2_IRQHandler
 .text.can_tx_rx
                0x000000000800ba88      0x24c Core/Src/stm32f4xx_it.o
                0x000000000800ba88                can_tx_rx
 .text._getpid  0x000000000800bcd4       0x10 Core/Src/syscalls.o
                0x000000000800bcd4                _getpid
 .text._kill    0x000000000800bce4       0x20 Core/Src/syscalls.o
                0x000000000800bce4                _kill
 .text._exit    0x000000000800bd04       0x14 Core/Src/syscalls.o
                0x000000000800bd04                _exit
 .text._read    0x000000000800bd18       0x3a Core/Src/syscalls.o
                0x000000000800bd18                _read
 .text._write   0x000000000800bd52       0x38 Core/Src/syscalls.o
                0x000000000800bd52                _write
 .text._close   0x000000000800bd8a       0x18 Core/Src/syscalls.o
                0x000000000800bd8a                _close
 .text._fstat   0x000000000800bda2       0x20 Core/Src/syscalls.o
                0x000000000800bda2                _fstat
 .text._isatty  0x000000000800bdc2       0x16 Core/Src/syscalls.o
                0x000000000800bdc2                _isatty
 .text._lseek   0x000000000800bdd8       0x1a Core/Src/syscalls.o
                0x000000000800bdd8                _lseek
 *fill*         0x000000000800bdf2        0x2 
 .text._sbrk    0x000000000800bdf4       0x58 Core/Src/sysmem.o
                0x000000000800bdf4                _sbrk
 .text.SystemInit
                0x000000000800be4c       0x2c Core/Src/system_stm32f4xx.o
                0x000000000800be4c                SystemInit
 .text.MX_TIM1_Init
                0x000000000800be78      0x170 Core/Src/tim.o
                0x000000000800be78                MX_TIM1_Init
 .text.HAL_TIM_Base_MspInit
                0x000000000800bfe8       0x50 Core/Src/tim.o
                0x000000000800bfe8                HAL_TIM_Base_MspInit
 .text.HAL_TIM_MspPostInit
                0x000000000800c038       0x74 Core/Src/tim.o
                0x000000000800c038                HAL_TIM_MspPostInit
 .text.MX_USART2_UART_Init
                0x000000000800c0ac       0x54 Core/Src/usart.o
                0x000000000800c0ac                MX_USART2_UART_Init
 .text.HAL_UART_MspInit
                0x000000000800c100       0xa0 Core/Src/usart.o
                0x000000000800c100                HAL_UART_MspInit
 .text.__io_putchar
                0x000000000800c1a0       0x24 Core/Src/usart.o
                0x000000000800c1a0                __io_putchar
 .text.HAL_UART_RxCpltCallback
                0x000000000800c1c4       0x24 Core/Src/usart.o
                0x000000000800c1c4                HAL_UART_RxCpltCallback
 .text.Reset_Handler
                0x000000000800c1e8       0x50 Core/Startup/startup_stm32f446retx.o
                0x000000000800c1e8                Reset_Handler
 .text.Default_Handler
                0x000000000800c238        0x2 Core/Startup/startup_stm32f446retx.o
                0x000000000800c238                RTC_Alarm_IRQHandler
                0x000000000800c238                EXTI2_IRQHandler
                0x000000000800c238                TIM8_CC_IRQHandler
                0x000000000800c238                FMPI2C1_EV_IRQHandler
                0x000000000800c238                SPI4_IRQHandler
                0x000000000800c238                TIM1_CC_IRQHandler
                0x000000000800c238                DMA2_Stream5_IRQHandler
                0x000000000800c238                DMA1_Stream5_IRQHandler
                0x000000000800c238                PVD_IRQHandler
                0x000000000800c238                SDIO_IRQHandler
                0x000000000800c238                TAMP_STAMP_IRQHandler
                0x000000000800c238                CAN2_RX1_IRQHandler
                0x000000000800c238                EXTI3_IRQHandler
                0x000000000800c238                TIM8_TRG_COM_TIM14_IRQHandler
                0x000000000800c238                TIM8_UP_TIM13_IRQHandler
                0x000000000800c238                I2C3_ER_IRQHandler
                0x000000000800c238                EXTI0_IRQHandler
                0x000000000800c238                I2C2_EV_IRQHandler
                0x000000000800c238                DMA1_Stream2_IRQHandler
                0x000000000800c238                FPU_IRQHandler
                0x000000000800c238                OTG_HS_WKUP_IRQHandler
                0x000000000800c238                CAN2_SCE_IRQHandler
                0x000000000800c238                DMA2_Stream2_IRQHandler
                0x000000000800c238                SPI1_IRQHandler
                0x000000000800c238                TIM6_DAC_IRQHandler
                0x000000000800c238                TIM1_BRK_TIM9_IRQHandler
                0x000000000800c238                DCMI_IRQHandler
                0x000000000800c238                CAN2_RX0_IRQHandler
                0x000000000800c238                DMA2_Stream3_IRQHandler
                0x000000000800c238                SAI2_IRQHandler
                0x000000000800c238                USART6_IRQHandler
                0x000000000800c238                USART3_IRQHandler
                0x000000000800c238                CAN1_RX1_IRQHandler
                0x000000000800c238                UART5_IRQHandler
                0x000000000800c238                DMA2_Stream0_IRQHandler
                0x000000000800c238                TIM4_IRQHandler
                0x000000000800c238                QUADSPI_IRQHandler
                0x000000000800c238                I2C1_EV_IRQHandler
                0x000000000800c238                DMA1_Stream6_IRQHandler
                0x000000000800c238                DMA1_Stream1_IRQHandler
                0x000000000800c238                UART4_IRQHandler
                0x000000000800c238                TIM3_IRQHandler
                0x000000000800c238                RCC_IRQHandler
                0x000000000800c238                TIM8_BRK_TIM12_IRQHandler
                0x000000000800c238                Default_Handler
                0x000000000800c238                CEC_IRQHandler
                0x000000000800c238                EXTI15_10_IRQHandler
                0x000000000800c238                ADC_IRQHandler
                0x000000000800c238                DMA1_Stream7_IRQHandler
                0x000000000800c238                TIM7_IRQHandler
                0x000000000800c238                CAN2_TX_IRQHandler
                0x000000000800c238                TIM5_IRQHandler
                0x000000000800c238                DMA2_Stream7_IRQHandler
                0x000000000800c238                I2C3_EV_IRQHandler
                0x000000000800c238                EXTI9_5_IRQHandler
                0x000000000800c238                RTC_WKUP_IRQHandler
                0x000000000800c238                SPDIF_RX_IRQHandler
                0x000000000800c238                SPI2_IRQHandler
                0x000000000800c238                OTG_HS_EP1_IN_IRQHandler
                0x000000000800c238                DMA1_Stream0_IRQHandler
                0x000000000800c238                CAN1_TX_IRQHandler
                0x000000000800c238                FMPI2C1_ER_IRQHandler
                0x000000000800c238                EXTI4_IRQHandler
                0x000000000800c238                OTG_HS_EP1_OUT_IRQHandler
                0x000000000800c238                WWDG_IRQHandler
                0x000000000800c238                TIM2_IRQHandler
                0x000000000800c238                OTG_FS_WKUP_IRQHandler
                0x000000000800c238                TIM1_TRG_COM_TIM11_IRQHandler
                0x000000000800c238                OTG_HS_IRQHandler
                0x000000000800c238                EXTI1_IRQHandler
                0x000000000800c238                I2C2_ER_IRQHandler
                0x000000000800c238                DMA2_Stream1_IRQHandler
                0x000000000800c238                CAN1_SCE_IRQHandler
                0x000000000800c238                FLASH_IRQHandler
                0x000000000800c238                DMA2_Stream4_IRQHandler
                0x000000000800c238                USART1_IRQHandler
                0x000000000800c238                OTG_FS_IRQHandler
                0x000000000800c238                SPI3_IRQHandler
                0x000000000800c238                DMA1_Stream4_IRQHandler
                0x000000000800c238                I2C1_ER_IRQHandler
                0x000000000800c238                FMC_IRQHandler
                0x000000000800c238                DMA2_Stream6_IRQHandler
                0x000000000800c238                SAI1_IRQHandler
                0x000000000800c238                DMA1_Stream3_IRQHandler
 *fill*         0x000000000800c23a        0x2 
 .text.HAL_Init
                0x000000000800c23c       0x44 Drivers/STM32F4xx_HAL_Driver/Src/stm32f4xx_hal.o
                0x000000000800c23c                HAL_Init
 .text.HAL_InitTick
                0x000000000800c280       0x60 Drivers/STM32F4xx_HAL_Driver/Src/stm32f4xx_hal.o
                0x000000000800c280                HAL_InitTick
 .text.HAL_IncTick
                0x000000000800c2e0       0x28 Drivers/STM32F4xx_HAL_Driver/Src/stm32f4xx_hal.o
                0x000000000800c2e0                HAL_IncTick
 .text.HAL_GetTick
                0x000000000800c308       0x18 Drivers/STM32F4xx_HAL_Driver/Src/stm32f4xx_hal.o
                0x000000000800c308                HAL_GetTick
 .text.HAL_Delay
                0x000000000800c320       0x48 Drivers/STM32F4xx_HAL_Driver/Src/stm32f4xx_hal.o
                0x000000000800c320                HAL_Delay
 .text.HAL_ADC_Init
                0x000000000800c368       0x86 Drivers/STM32F4xx_HAL_Driver/Src/stm32f4xx_hal_adc.o
                0x000000000800c368                HAL_ADC_Init
 *fill*         0x000000000800c3ee        0x2 
 .text.HAL_ADC_Start
                0x000000000800c3f0      0x1a4 Drivers/STM32F4xx_HAL_Driver/Src/stm32f4xx_hal_adc.o
                0x000000000800c3f0                HAL_ADC_Start
 .text.HAL_ADC_PollForConversion
                0x000000000800c594      0x116 Drivers/STM32F4xx_HAL_Driver/Src/stm32f4xx_hal_adc.o
                0x000000000800c594                HAL_ADC_PollForConversion
 .text.HAL_ADC_GetValue
                0x000000000800c6aa       0x1a Drivers/STM32F4xx_HAL_Driver/Src/stm32f4xx_hal_adc.o
                0x000000000800c6aa                HAL_ADC_GetValue
 .text.HAL_ADC_ConfigChannel
                0x000000000800c6c4      0x264 Drivers/STM32F4xx_HAL_Driver/Src/stm32f4xx_hal_adc.o
                0x000000000800c6c4                HAL_ADC_ConfigChannel
 .text.ADC_Init
                0x000000000800c928      0x1f8 Drivers/STM32F4xx_HAL_Driver/Src/stm32f4xx_hal_adc.o
 .text.HAL_ADCEx_MultiModeConfigChannel
                0x000000000800cb20       0x8c Drivers/STM32F4xx_HAL_Driver/Src/stm32f4xx_hal_adc_ex.o
                0x000000000800cb20                HAL_ADCEx_MultiModeConfigChannel
 .text.HAL_CAN_Init
                0x000000000800cbac      0x1f6 Drivers/STM32F4xx_HAL_Driver/Src/stm32f4xx_hal_can.o
                0x000000000800cbac                HAL_CAN_Init
 *fill*         0x000000000800cda2        0x2 
 .text.HAL_CAN_ConfigFilter
                0x000000000800cda4      0x1c0 Drivers/STM32F4xx_HAL_Driver/Src/stm32f4xx_hal_can.o
                0x000000000800cda4                HAL_CAN_ConfigFilter
 .text.HAL_CAN_Start
                0x000000000800cf64       0x88 Drivers/STM32F4xx_HAL_Driver/Src/stm32f4xx_hal_can.o
                0x000000000800cf64                HAL_CAN_Start
 .text.HAL_CAN_AddTxMessage
                0x000000000800cfec      0x1b6 Drivers/STM32F4xx_HAL_Driver/Src/stm32f4xx_hal_can.o
                0x000000000800cfec                HAL_CAN_AddTxMessage
 .text.HAL_CAN_GetRxMessage
                0x000000000800d1a2      0x224 Drivers/STM32F4xx_HAL_Driver/Src/stm32f4xx_hal_can.o
                0x000000000800d1a2                HAL_CAN_GetRxMessage
 .text.HAL_CAN_IRQHandler
                0x000000000800d3c6      0x36e Drivers/STM32F4xx_HAL_Driver/Src/stm32f4xx_hal_can.o
                0x000000000800d3c6                HAL_CAN_IRQHandler
 .text.HAL_CAN_TxMailbox0CompleteCallback
                0x000000000800d734       0x14 Drivers/STM32F4xx_HAL_Driver/Src/stm32f4xx_hal_can.o
                0x000000000800d734                HAL_CAN_TxMailbox0CompleteCallback
 .text.HAL_CAN_TxMailbox1CompleteCallback
                0x000000000800d748       0x14 Drivers/STM32F4xx_HAL_Driver/Src/stm32f4xx_hal_can.o
                0x000000000800d748                HAL_CAN_TxMailbox1CompleteCallback
 .text.HAL_CAN_TxMailbox2CompleteCallback
                0x000000000800d75c       0x14 Drivers/STM32F4xx_HAL_Driver/Src/stm32f4xx_hal_can.o
                0x000000000800d75c                HAL_CAN_TxMailbox2CompleteCallback
 .text.HAL_CAN_TxMailbox0AbortCallback
                0x000000000800d770       0x14 Drivers/STM32F4xx_HAL_Driver/Src/stm32f4xx_hal_can.o
                0x000000000800d770                HAL_CAN_TxMailbox0AbortCallback
 .text.HAL_CAN_TxMailbox1AbortCallback
                0x000000000800d784       0x14 Drivers/STM32F4xx_HAL_Driver/Src/stm32f4xx_hal_can.o
                0x000000000800d784                HAL_CAN_TxMailbox1AbortCallback
 .text.HAL_CAN_TxMailbox2AbortCallback
                0x000000000800d798       0x14 Drivers/STM32F4xx_HAL_Driver/Src/stm32f4xx_hal_can.o
                0x000000000800d798                HAL_CAN_TxMailbox2AbortCallback
 .text.HAL_CAN_RxFifo0MsgPendingCallback
                0x000000000800d7ac       0x14 Drivers/STM32F4xx_HAL_Driver/Src/stm32f4xx_hal_can.o
                0x000000000800d7ac                HAL_CAN_RxFifo0MsgPendingCallback
 .text.HAL_CAN_RxFifo0FullCallback
                0x000000000800d7c0       0x14 Drivers/STM32F4xx_HAL_Driver/Src/stm32f4xx_hal_can.o
                0x000000000800d7c0                HAL_CAN_RxFifo0FullCallback
 .text.HAL_CAN_RxFifo1MsgPendingCallback
                0x000000000800d7d4       0x14 Drivers/STM32F4xx_HAL_Driver/Src/stm32f4xx_hal_can.o
                0x000000000800d7d4                HAL_CAN_RxFifo1MsgPendingCallback
 .text.HAL_CAN_RxFifo1FullCallback
                0x000000000800d7e8       0x14 Drivers/STM32F4xx_HAL_Driver/Src/stm32f4xx_hal_can.o
                0x000000000800d7e8                HAL_CAN_RxFifo1FullCallback
 .text.HAL_CAN_SleepCallback
                0x000000000800d7fc       0x14 Drivers/STM32F4xx_HAL_Driver/Src/stm32f4xx_hal_can.o
                0x000000000800d7fc                HAL_CAN_SleepCallback
 .text.HAL_CAN_WakeUpFromRxMsgCallback
                0x000000000800d810       0x14 Drivers/STM32F4xx_HAL_Driver/Src/stm32f4xx_hal_can.o
                0x000000000800d810                HAL_CAN_WakeUpFromRxMsgCallback
 .text.HAL_CAN_ErrorCallback
                0x000000000800d824       0x14 Drivers/STM32F4xx_HAL_Driver/Src/stm32f4xx_hal_can.o
                0x000000000800d824                HAL_CAN_ErrorCallback
 .text.__NVIC_SetPriorityGrouping
                0x000000000800d838       0x48 Drivers/STM32F4xx_HAL_Driver/Src/stm32f4xx_hal_cortex.o
 .text.__NVIC_GetPriorityGrouping
                0x000000000800d880       0x1c Drivers/STM32F4xx_HAL_Driver/Src/stm32f4xx_hal_cortex.o
 .text.__NVIC_EnableIRQ
                0x000000000800d89c       0x3c Drivers/STM32F4xx_HAL_Driver/Src/stm32f4xx_hal_cortex.o
 .text.__NVIC_SetPriority
                0x000000000800d8d8       0x54 Drivers/STM32F4xx_HAL_Driver/Src/stm32f4xx_hal_cortex.o
 .text.NVIC_EncodePriority
                0x000000000800d92c       0x66 Drivers/STM32F4xx_HAL_Driver/Src/stm32f4xx_hal_cortex.o
 *fill*         0x000000000800d992        0x2 
 .text.SysTick_Config
                0x000000000800d994       0x44 Drivers/STM32F4xx_HAL_Driver/Src/stm32f4xx_hal_cortex.o
 .text.HAL_NVIC_SetPriorityGrouping
                0x000000000800d9d8       0x16 Drivers/STM32F4xx_HAL_Driver/Src/stm32f4xx_hal_cortex.o
                0x000000000800d9d8                HAL_NVIC_SetPriorityGrouping
 .text.HAL_NVIC_SetPriority
                0x000000000800d9ee       0x38 Drivers/STM32F4xx_HAL_Driver/Src/stm32f4xx_hal_cortex.o
                0x000000000800d9ee                HAL_NVIC_SetPriority
 .text.HAL_NVIC_EnableIRQ
                0x000000000800da26       0x1c Drivers/STM32F4xx_HAL_Driver/Src/stm32f4xx_hal_cortex.o
                0x000000000800da26                HAL_NVIC_EnableIRQ
 .text.HAL_SYSTICK_Config
                0x000000000800da42       0x18 Drivers/STM32F4xx_HAL_Driver/Src/stm32f4xx_hal_cortex.o
                0x000000000800da42                HAL_SYSTICK_Config
 .text.HAL_DMA_Abort
                0x000000000800da5a       0xe0 Drivers/STM32F4xx_HAL_Driver/Src/stm32f4xx_hal_dma.o
                0x000000000800da5a                HAL_DMA_Abort
 .text.HAL_DMA_Abort_IT
                0x000000000800db3a       0x44 Drivers/STM32F4xx_HAL_Driver/Src/stm32f4xx_hal_dma.o
                0x000000000800db3a                HAL_DMA_Abort_IT
 *fill*         0x000000000800db7e        0x2 
 .text.HAL_GPIO_Init
                0x000000000800db80      0x328 Drivers/STM32F4xx_HAL_Driver/Src/stm32f4xx_hal_gpio.o
                0x000000000800db80                HAL_GPIO_Init
 .text.HAL_GPIO_WritePin
                0x000000000800dea8       0x32 Drivers/STM32F4xx_HAL_Driver/Src/stm32f4xx_hal_gpio.o
                0x000000000800dea8                HAL_GPIO_WritePin
 *fill*         0x000000000800deda        0x2 
 .text.HAL_PWREx_EnableOverDrive
                0x000000000800dedc       0xa0 Drivers/STM32F4xx_HAL_Driver/Src/stm32f4xx_hal_pwr_ex.o
                0x000000000800dedc                HAL_PWREx_EnableOverDrive
 .text.HAL_RCC_ClockConfig
                0x000000000800df7c      0x1cc Drivers/STM32F4xx_HAL_Driver/Src/stm32f4xx_hal_rcc.o
                0x000000000800df7c                HAL_RCC_ClockConfig
 .text.HAL_RCC_GetHCLKFreq
                0x000000000800e148       0x18 Drivers/STM32F4xx_HAL_Driver/Src/stm32f4xx_hal_rcc.o
                0x000000000800e148                HAL_RCC_GetHCLKFreq
 .text.HAL_RCC_GetPCLK1Freq
                0x000000000800e160       0x28 Drivers/STM32F4xx_HAL_Driver/Src/stm32f4xx_hal_rcc.o
                0x000000000800e160                HAL_RCC_GetPCLK1Freq
 .text.HAL_RCC_GetPCLK2Freq
                0x000000000800e188       0x28 Drivers/STM32F4xx_HAL_Driver/Src/stm32f4xx_hal_rcc.o
                0x000000000800e188                HAL_RCC_GetPCLK2Freq
 .text.HAL_RCC_GetSysClockFreq
                0x000000000800e1b0      0x364 Drivers/STM32F4xx_HAL_Driver/Src/stm32f4xx_hal_rcc_ex.o
                0x000000000800e1b0                HAL_RCC_GetSysClockFreq
 .text.HAL_RCC_OscConfig
                0x000000000800e514      0x53c Drivers/STM32F4xx_HAL_Driver/Src/stm32f4xx_hal_rcc_ex.o
                0x000000000800e514                HAL_RCC_OscConfig
 .text.HAL_SPI_Init
                0x000000000800ea50      0x112 Drivers/STM32F4xx_HAL_Driver/Src/stm32f4xx_hal_spi.o
                0x000000000800ea50                HAL_SPI_Init
 .text.HAL_SPI_TransmitReceive
                0x000000000800eb62      0x344 Drivers/STM32F4xx_HAL_Driver/Src/stm32f4xx_hal_spi.o
                0x000000000800eb62                HAL_SPI_TransmitReceive
 *fill*         0x000000000800eea6        0x2 
 .text.SPI_WaitFlagStateUntilTimeout
                0x000000000800eea8      0x110 Drivers/STM32F4xx_HAL_Driver/Src/stm32f4xx_hal_spi.o
 .text.SPI_EndRxTxTransaction
                0x000000000800efb8       0x84 Drivers/STM32F4xx_HAL_Driver/Src/stm32f4xx_hal_spi.o
 .text.HAL_TIM_Base_Init
                0x000000000800f03c       0x9e Drivers/STM32F4xx_HAL_Driver/Src/stm32f4xx_hal_tim.o
                0x000000000800f03c                HAL_TIM_Base_Init
 *fill*         0x000000000800f0da        0x2 
 .text.HAL_TIM_Base_Start_IT
                0x000000000800f0dc       0xe0 Drivers/STM32F4xx_HAL_Driver/Src/stm32f4xx_hal_tim.o
                0x000000000800f0dc                HAL_TIM_Base_Start_IT
 .text.HAL_TIM_PWM_Init
                0x000000000800f1bc       0x9e Drivers/STM32F4xx_HAL_Driver/Src/stm32f4xx_hal_tim.o
                0x000000000800f1bc                HAL_TIM_PWM_Init
 .text.HAL_TIM_PWM_MspInit
                0x000000000800f25a       0x14 Drivers/STM32F4xx_HAL_Driver/Src/stm32f4xx_hal_tim.o
                0x000000000800f25a                HAL_TIM_PWM_MspInit
 *fill*         0x000000000800f26e        0x2 
 .text.HAL_TIM_PWM_Start
                0x000000000800f270      0x190 Drivers/STM32F4xx_HAL_Driver/Src/stm32f4xx_hal_tim.o
                0x000000000800f270                HAL_TIM_PWM_Start
 .text.HAL_TIM_IRQHandler
                0x000000000800f400      0x210 Drivers/STM32F4xx_HAL_Driver/Src/stm32f4xx_hal_tim.o
                0x000000000800f400                HAL_TIM_IRQHandler
 .text.HAL_TIM_PWM_ConfigChannel
                0x000000000800f610      0x17c Drivers/STM32F4xx_HAL_Driver/Src/stm32f4xx_hal_tim.o
                0x000000000800f610                HAL_TIM_PWM_ConfigChannel
 .text.HAL_TIM_ConfigClockSource
                0x000000000800f78c      0x188 Drivers/STM32F4xx_HAL_Driver/Src/stm32f4xx_hal_tim.o
                0x000000000800f78c                HAL_TIM_ConfigClockSource
 .text.HAL_TIM_PeriodElapsedCallback
                0x000000000800f914       0x14 Drivers/STM32F4xx_HAL_Driver/Src/stm32f4xx_hal_tim.o
                0x000000000800f914                HAL_TIM_PeriodElapsedCallback
 .text.HAL_TIM_OC_DelayElapsedCallback
                0x000000000800f928       0x14 Drivers/STM32F4xx_HAL_Driver/Src/stm32f4xx_hal_tim.o
                0x000000000800f928                HAL_TIM_OC_DelayElapsedCallback
 .text.HAL_TIM_IC_CaptureCallback
                0x000000000800f93c       0x14 Drivers/STM32F4xx_HAL_Driver/Src/stm32f4xx_hal_tim.o
                0x000000000800f93c                HAL_TIM_IC_CaptureCallback
 .text.HAL_TIM_PWM_PulseFinishedCallback
                0x000000000800f950       0x14 Drivers/STM32F4xx_HAL_Driver/Src/stm32f4xx_hal_tim.o
                0x000000000800f950                HAL_TIM_PWM_PulseFinishedCallback
 .text.HAL_TIM_TriggerCallback
                0x000000000800f964       0x14 Drivers/STM32F4xx_HAL_Driver/Src/stm32f4xx_hal_tim.o
                0x000000000800f964                HAL_TIM_TriggerCallback
 .text.TIM_Base_SetConfig
                0x000000000800f978      0x140 Drivers/STM32F4xx_HAL_Driver/Src/stm32f4xx_hal_tim.o
                0x000000000800f978                TIM_Base_SetConfig
 .text.TIM_OC1_SetConfig
                0x000000000800fab8       0xe0 Drivers/STM32F4xx_HAL_Driver/Src/stm32f4xx_hal_tim.o
 .text.TIM_OC2_SetConfig
                0x000000000800fb98       0xec Drivers/STM32F4xx_HAL_Driver/Src/stm32f4xx_hal_tim.o
                0x000000000800fb98                TIM_OC2_SetConfig
 .text.TIM_OC3_SetConfig
                0x000000000800fc84       0xe8 Drivers/STM32F4xx_HAL_Driver/Src/stm32f4xx_hal_tim.o
 .text.TIM_OC4_SetConfig
                0x000000000800fd6c       0xac Drivers/STM32F4xx_HAL_Driver/Src/stm32f4xx_hal_tim.o
 .text.TIM_TI1_ConfigInputStage
                0x000000000800fe18       0x5e Drivers/STM32F4xx_HAL_Driver/Src/stm32f4xx_hal_tim.o
 .text.TIM_TI2_ConfigInputStage
                0x000000000800fe76       0x60 Drivers/STM32F4xx_HAL_Driver/Src/stm32f4xx_hal_tim.o
 .text.TIM_ITRx_SetConfig
                0x000000000800fed6       0x36 Drivers/STM32F4xx_HAL_Driver/Src/stm32f4xx_hal_tim.o
 .text.TIM_ETR_SetConfig
                0x000000000800ff0c       0x40 Drivers/STM32F4xx_HAL_Driver/Src/stm32f4xx_hal_tim.o
                0x000000000800ff0c                TIM_ETR_SetConfig
 .text.TIM_CCxChannelCmd
                0x000000000800ff4c       0x4a Drivers/STM32F4xx_HAL_Driver/Src/stm32f4xx_hal_tim.o
                0x000000000800ff4c                TIM_CCxChannelCmd
 *fill*         0x000000000800ff96        0x2 
 .text.HAL_TIMEx_MasterConfigSynchronization
                0x000000000800ff98       0xf8 Drivers/STM32F4xx_HAL_Driver/Src/stm32f4xx_hal_tim_ex.o
                0x000000000800ff98                HAL_TIMEx_MasterConfigSynchronization
 .text.HAL_TIMEx_ConfigBreakDeadTime
                0x0000000008010090       0xa4 Drivers/STM32F4xx_HAL_Driver/Src/stm32f4xx_hal_tim_ex.o
                0x0000000008010090                HAL_TIMEx_ConfigBreakDeadTime
 .text.HAL_TIMEx_CommutCallback
                0x0000000008010134       0x14 Drivers/STM32F4xx_HAL_Driver/Src/stm32f4xx_hal_tim_ex.o
                0x0000000008010134                HAL_TIMEx_CommutCallback
 .text.HAL_TIMEx_BreakCallback
                0x0000000008010148       0x14 Drivers/STM32F4xx_HAL_Driver/Src/stm32f4xx_hal_tim_ex.o
                0x0000000008010148                HAL_TIMEx_BreakCallback
 .text.HAL_UART_Init
                0x000000000801015c       0x9a Drivers/STM32F4xx_HAL_Driver/Src/stm32f4xx_hal_uart.o
                0x000000000801015c                HAL_UART_Init
 .text.HAL_UART_Transmit
                0x00000000080101f6      0x124 Drivers/STM32F4xx_HAL_Driver/Src/stm32f4xx_hal_uart.o
                0x00000000080101f6                HAL_UART_Transmit
 .text.HAL_UART_Receive_IT
                0x000000000801031a       0x60 Drivers/STM32F4xx_HAL_Driver/Src/stm32f4xx_hal_uart.o
                0x000000000801031a                HAL_UART_Receive_IT
 *fill*         0x000000000801037a        0x2 
 .text.HAL_UART_IRQHandler
                0x000000000801037c      0x358 Drivers/STM32F4xx_HAL_Driver/Src/stm32f4xx_hal_uart.o
                0x000000000801037c                HAL_UART_IRQHandler
 .text.HAL_UART_TxCpltCallback
                0x00000000080106d4       0x14 Drivers/STM32F4xx_HAL_Driver/Src/stm32f4xx_hal_uart.o
                0x00000000080106d4                HAL_UART_TxCpltCallback
 .text.HAL_UART_ErrorCallback
                0x00000000080106e8       0x14 Drivers/STM32F4xx_HAL_Driver/Src/stm32f4xx_hal_uart.o
                0x00000000080106e8                HAL_UART_ErrorCallback
 .text.HAL_UARTEx_RxEventCallback
                0x00000000080106fc       0x18 Drivers/STM32F4xx_HAL_Driver/Src/stm32f4xx_hal_uart.o
                0x00000000080106fc                HAL_UARTEx_RxEventCallback
 .text.UART_WaitOnFlagUntilTimeout
                0x0000000008010714       0x94 Drivers/STM32F4xx_HAL_Driver/Src/stm32f4xx_hal_uart.o
 .text.UART_Start_Receive_IT
                0x00000000080107a8       0x74 Drivers/STM32F4xx_HAL_Driver/Src/stm32f4xx_hal_uart.o
                0x00000000080107a8                UART_Start_Receive_IT
 .text.UART_EndRxTransfer
                0x000000000801081c       0x5a Drivers/STM32F4xx_HAL_Driver/Src/stm32f4xx_hal_uart.o
 .text.UART_DMAAbortOnError
                0x0000000008010876       0x28 Drivers/STM32F4xx_HAL_Driver/Src/stm32f4xx_hal_uart.o
 .text.UART_Transmit_IT
                0x000000000801089e       0xa0 Drivers/STM32F4xx_HAL_Driver/Src/stm32f4xx_hal_uart.o
 .text.UART_EndTransmit_IT
                0x000000000801093e       0x30 Drivers/STM32F4xx_HAL_Driver/Src/stm32f4xx_hal_uart.o
 .text.UART_Receive_IT
                0x000000000801096e      0x12e Drivers/STM32F4xx_HAL_Driver/Src/stm32f4xx_hal_uart.o
 .text.UART_SetConfig
                0x0000000008010a9c      0x390 Drivers/STM32F4xx_HAL_Driver/Src/stm32f4xx_hal_uart.o
 *(.glue_7)
 .glue_7        0x0000000008010e2c        0x0 linker stubs
 *(.glue_7t)
 .glue_7t       0x0000000008010e2c        0x0 linker stubs
 *(.eh_frame)
 .eh_frame      0x0000000008010e2c        0x0 /usr/lib/gcc/arm-none-eabi/9.2.1/thumb/v7e-m+fp/hard/crtbegin.o
 *(.init)
 .init          0x0000000008010e2c        0x4 /usr/lib/gcc/arm-none-eabi/9.2.1/thumb/v7e-m+fp/hard/crti.o
                0x0000000008010e2c                _init
 .init          0x0000000008010e30        0x8 /usr/lib/gcc/arm-none-eabi/9.2.1/thumb/v7e-m+fp/hard/crtn.o
 *(.fini)
 .fini          0x0000000008010e38        0x4 /usr/lib/gcc/arm-none-eabi/9.2.1/thumb/v7e-m+fp/hard/crti.o
                0x0000000008010e38                _fini
 .fini          0x0000000008010e3c        0x8 /usr/lib/gcc/arm-none-eabi/9.2.1/thumb/v7e-m+fp/hard/crtn.o
                0x0000000008010e44                . = ALIGN (0x4)
                0x0000000008010e44                _etext = .

.vfp11_veneer   0x0000000008010e44        0x0
 .vfp11_veneer  0x0000000008010e44        0x0 linker stubs

.v4_bx          0x0000000008010e44        0x0
 .v4_bx         0x0000000008010e44        0x0 linker stubs

.iplt           0x0000000008010e44        0x0
 .iplt          0x0000000008010e44        0x0 /usr/lib/gcc/arm-none-eabi/9.2.1/thumb/v7e-m+fp/hard/crtbegin.o

.rodata         0x0000000008010e48     0x15e8
                0x0000000008010e48                . = ALIGN (0x4)
 *(.rodata)
 .rodata        0x0000000008010e48       0xc5 Core/Src/calibration.o
 *fill*         0x0000000008010f0d        0x3 
 .rodata        0x0000000008010f10       0xe5 Core/Src/drv8323.o
 *fill*         0x0000000008010ff5        0x3 
 .rodata        0x0000000008010ff8      0x5af Core/Src/fsm.o
 *fill*         0x00000000080115a7        0x1 
 .rodata        0x00000000080115a8       0x4c Core/Src/main.o
 .rodata        0x00000000080115f4       0x6c Core/Src/position_sensor.o
 .rodata        0x0000000008011660       0x30 /usr/lib/gcc/arm-none-eabi/9.2.1/../../../arm-none-eabi/lib/thumb/v7e-m+fp/hard/libm.a(lib_a-e_exp.o)
 .rodata        0x0000000008011690        0x8 /usr/lib/gcc/arm-none-eabi/9.2.1/../../../arm-none-eabi/lib/thumb/v7e-m+fp/hard/libm.a(lib_a-ef_fmod.o)
 .rodata        0x0000000008011698        0x4 /usr/lib/gcc/arm-none-eabi/9.2.1/../../../arm-none-eabi/lib/thumb/v7e-m+fp/hard/libc_nano.a(lib_a-impure.o)
                0x0000000008011698                _global_impure_ptr
 *fill*         0x000000000801169c        0x4 
 .rodata        0x00000000080116a0       0x50 /usr/lib/gcc/arm-none-eabi/9.2.1/../../../arm-none-eabi/lib/thumb/v7e-m+fp/hard/libc_nano.a(lib_a-strtod.o)
 .rodata        0x00000000080116f0      0x101 /usr/lib/gcc/arm-none-eabi/9.2.1/../../../arm-none-eabi/lib/thumb/v7e-m+fp/hard/libc_nano.a(lib_a-ctype_.o)
                0x00000000080116f0                _ctype_
 *fill*         0x00000000080117f1        0x3 
 .rodata        0x00000000080117f4       0x60 /usr/lib/gcc/arm-none-eabi/9.2.1/../../../arm-none-eabi/lib/thumb/v7e-m+fp/hard/libc_nano.a(lib_a-findfp.o)
                0x00000000080117f4                __sf_fake_stderr
                0x0000000008011814                __sf_fake_stdout
                0x0000000008011834                __sf_fake_stdin
 .rodata        0x0000000008011854      0x100 /usr/lib/gcc/arm-none-eabi/9.2.1/../../../arm-none-eabi/lib/thumb/v7e-m+fp/hard/libc_nano.a(lib_a-gdtoa-gethex.o)
                0x0000000008011854                __hexdig
 .rodata        0x0000000008011954        0xc /usr/lib/gcc/arm-none-eabi/9.2.1/../../../arm-none-eabi/lib/thumb/v7e-m+fp/hard/libc_nano.a(lib_a-lnumeric.o)
                0x0000000008011954                _C_numeric_locale
 .rodata        0x0000000008011960      0x128 /usr/lib/gcc/arm-none-eabi/9.2.1/../../../arm-none-eabi/lib/thumb/v7e-m+fp/hard/libc_nano.a(lib_a-mprec.o)
                0x0000000008011970                __mprec_tens
                0x0000000008011a38                __mprec_tinytens
                0x0000000008011a60                __mprec_bigtens
 *(.rodata*)
 .rodata.sin_tab
                0x0000000008011a88      0x800 Core/Src/math_ops.o
                0x0000000008011a88                sin_tab
 .rodata.AHBPrescTable
                0x0000000008012288       0x10 Core/Src/system_stm32f4xx.o
                0x0000000008012288                AHBPrescTable
 .rodata.APBPrescTable
                0x0000000008012298        0x8 Core/Src/system_stm32f4xx.o
                0x0000000008012298                APBPrescTable
 .rodata.str1.4
                0x00000000080122a0       0x12 /usr/lib/gcc/arm-none-eabi/9.2.1/../../../arm-none-eabi/lib/thumb/v7e-m+fp/hard/libc_nano.a(lib_a-nano-vfprintf_float.o)
 *fill*         0x00000000080122b2        0x2 
 .rodata.str1.4
                0x00000000080122b4       0x25 /usr/lib/gcc/arm-none-eabi/9.2.1/../../../arm-none-eabi/lib/thumb/v7e-m+fp/hard/libc_nano.a(lib_a-nano-vfprintf_i.o)
 *fill*         0x00000000080122d9        0x3 
 .rodata.str1.4
                0x00000000080122dc        0xf /usr/lib/gcc/arm-none-eabi/9.2.1/../../../arm-none-eabi/lib/thumb/v7e-m+fp/hard/libc_nano.a(lib_a-strtod.o)
                                         0x11 (size before relaxing)
 *fill*         0x00000000080122eb        0x1 
 .rodata.str1.4
                0x00000000080122ec       0x6d /usr/lib/gcc/arm-none-eabi/9.2.1/../../../arm-none-eabi/lib/thumb/v7e-m+fp/hard/libc_nano.a(lib_a-dtoa.o)
                                         0x71 (size before relaxing)
 *fill*         0x0000000008012359        0x3 
 .rodata.str1.4
                0x000000000801235c       0x3a /usr/lib/gcc/arm-none-eabi/9.2.1/../../../arm-none-eabi/lib/thumb/v7e-m+fp/hard/libc_nano.a(lib_a-gdtoa-gethex.o)
                                         0x4e (size before relaxing)
 *fill*         0x0000000008012396        0x2 
 .rodata.str1.4
                0x0000000008012398        0x2 /usr/lib/gcc/arm-none-eabi/9.2.1/../../../arm-none-eabi/lib/thumb/v7e-m+fp/hard/libc_nano.a(lib_a-lnumeric.o)
                                          0x5 (size before relaxing)
 *fill*         0x000000000801239a        0x2 
 .rodata.str1.4
                0x000000000801239c        0xa /usr/lib/gcc/arm-none-eabi/9.2.1/../../../arm-none-eabi/lib/thumb/v7e-m+fp/hard/libc_nano.a(lib_a-locale.o)
                                         0x12 (size before relaxing)
 *fill*         0x00000000080123a6        0x2 
 .rodata.str1.4
                0x00000000080123a8       0x33 /usr/lib/gcc/arm-none-eabi/9.2.1/../../../arm-none-eabi/lib/thumb/v7e-m+fp/hard/libc_nano.a(lib_a-mprec.o)
                                         0x5d (size before relaxing)
 *fill*         0x00000000080123db        0x1 
 .rodata.str1.4
                0x00000000080123dc       0x13 /usr/lib/gcc/arm-none-eabi/9.2.1/../../../arm-none-eabi/lib/thumb/v7e-m+fp/hard/libc_nano.a(lib_a-nano-vfprintf.o)
 *fill*         0x00000000080123ef        0x1 
 .rodata.str1.4
                0x00000000080123f0       0x3f /usr/lib/gcc/arm-none-eabi/9.2.1/../../../arm-none-eabi/lib/thumb/v7e-m+fp/hard/libc_nano.a(lib_a-assert.o)
                                         0x43 (size before relaxing)
                0x0000000008012430                . = ALIGN (0x4)
 *fill*         0x000000000801242f        0x1 

.ARM.extab      0x0000000008012430        0x0
                0x0000000008012430                . = ALIGN (0x4)
 *(.ARM.extab* .gnu.linkonce.armextab.*)
                0x0000000008012430                . = ALIGN (0x4)

.ARM            0x0000000008012430        0x8
                0x0000000008012430                . = ALIGN (0x4)
                0x0000000008012430                __exidx_start = .
 *(.ARM.exidx*)
 .ARM.exidx     0x0000000008012430        0x8 /usr/lib/gcc/arm-none-eabi/9.2.1/thumb/v7e-m+fp/hard/libgcc.a(_udivmoddi4.o)
                0x0000000008012438                __exidx_end = .
                0x0000000008012438                . = ALIGN (0x4)

.rel.dyn        0x0000000008012438        0x0
 .rel.iplt      0x0000000008012438        0x0 /usr/lib/gcc/arm-none-eabi/9.2.1/thumb/v7e-m+fp/hard/crtbegin.o

.preinit_array  0x0000000008012438        0x0
                0x0000000008012438                . = ALIGN (0x4)
                0x0000000008012438                PROVIDE (__preinit_array_start = .)
 *(.preinit_array*)
                0x0000000008012438                PROVIDE (__preinit_array_end = .)
                0x0000000008012438                . = ALIGN (0x4)

.init_array     0x0000000008012438        0x4
                0x0000000008012438                . = ALIGN (0x4)
                0x0000000008012438                PROVIDE (__init_array_start = .)
 *(SORT_BY_NAME(.init_array.*))
 *(.init_array*)
 .init_array    0x0000000008012438        0x4 /usr/lib/gcc/arm-none-eabi/9.2.1/thumb/v7e-m+fp/hard/crtbegin.o
                0x000000000801243c                PROVIDE (__init_array_end = .)
                0x000000000801243c                . = ALIGN (0x4)

.fini_array     0x000000000801243c        0x4
                0x000000000801243c                . = ALIGN (0x4)
                0x000000000801243c                PROVIDE (__fini_array_start = .)
 *(SORT_BY_NAME(.fini_array.*))
 *(.fini_array*)
 .fini_array    0x000000000801243c        0x4 /usr/lib/gcc/arm-none-eabi/9.2.1/thumb/v7e-m+fp/hard/crtbegin.o
                0x0000000008012440                PROVIDE (__fini_array_end = .)
                0x0000000008012440                . = ALIGN (0x4)
                0x0000000008012440                _sidata = LOADADDR (.data)

.data           0x0000000020000000      0x224 load address 0x0000000008012440
                0x0000000020000000                . = ALIGN (0x4)
                0x0000000020000000                _sdata = .
 *(.data)
 .data          0x0000000020000000        0x1 /usr/lib/gcc/arm-none-eabi/9.2.1/../../../arm-none-eabi/lib/thumb/v7e-m+fp/hard/libm.a(lib_a-s_lib_ver.o)
                0x0000000020000000                __fdlib_version
 *fill*         0x0000000020000001        0x3 
 .data          0x0000000020000004       0x64 /usr/lib/gcc/arm-none-eabi/9.2.1/../../../arm-none-eabi/lib/thumb/v7e-m+fp/hard/libc_nano.a(lib_a-impure.o)
                0x0000000020000004                _impure_ptr
 .data          0x0000000020000068        0x2 /usr/lib/gcc/arm-none-eabi/9.2.1/../../../arm-none-eabi/lib/thumb/v7e-m+fp/hard/libc_nano.a(lib_a-lnumeric.o)
 *fill*         0x000000002000006a        0x2 
 .data          0x000000002000006c      0x16c /usr/lib/gcc/arm-none-eabi/9.2.1/../../../arm-none-eabi/lib/thumb/v7e-m+fp/hard/libc_nano.a(lib_a-locale.o)
                0x000000002000006c                __global_locale
 *(.data*)
 .data.__SECTOR_ADDRS
                0x00000000200001d8       0x20 Core/Src/flash_writer.o
 .data.__SECTORS
                0x00000000200001f8       0x20 Core/Src/flash_writer.o
 .data.SystemCoreClock
                0x0000000020000218        0x4 Core/Src/system_stm32f4xx.o
                0x0000000020000218                SystemCoreClock
 .data.uwTickPrio
                0x000000002000021c        0x4 Drivers/STM32F4xx_HAL_Driver/Src/stm32f4xx_hal.o
                0x000000002000021c                uwTickPrio
 .data.uwTickFreq
                0x0000000020000220        0x1 Drivers/STM32F4xx_HAL_Driver/Src/stm32f4xx_hal.o
                0x0000000020000220                uwTickFreq
                0x0000000020000224                . = ALIGN (0x4)
 *fill*         0x0000000020000221        0x3 
                0x0000000020000224                _edata = .

.tm_clone_table
                0x0000000020000224        0x0 load address 0x0000000008012664
 .tm_clone_table
                0x0000000020000224        0x0 /usr/lib/gcc/arm-none-eabi/9.2.1/thumb/v7e-m+fp/hard/crtbegin.o
 .tm_clone_table
                0x0000000020000224        0x0 /usr/lib/gcc/arm-none-eabi/9.2.1/thumb/v7e-m+fp/hard/crtend.o

.igot.plt       0x0000000020000224        0x0 load address 0x0000000008012664
 .igot.plt      0x0000000020000224        0x0 /usr/lib/gcc/arm-none-eabi/9.2.1/thumb/v7e-m+fp/hard/crtbegin.o
                0x0000000020000224                . = ALIGN (0x4)

.bss            0x0000000020000228     0x931c load address 0x0000000008012664
                0x0000000020000228                _sbss = .
                0x0000000020000228                __bss_start__ = _sbss
 *(.bss)
 .bss           0x0000000020000228       0x1c /usr/lib/gcc/arm-none-eabi/9.2.1/thumb/v7e-m+fp/hard/crtbegin.o
 .bss           0x0000000020000244        0x8 /usr/lib/gcc/arm-none-eabi/9.2.1/../../../arm-none-eabi/lib/thumb/v7e-m+fp/hard/libc_nano.a(lib_a-nano-mallocr.o)
                0x0000000020000244                __malloc_free_list
                0x0000000020000248                __malloc_sbrk_start
 *(.bss*)
 .bss.heap_end.6563
                0x000000002000024c        0x4 Core/Src/sysmem.o
 *(COMMON)
 COMMON         0x0000000020000250       0xd8 Core/Src/adc.o
                0x0000000020000250                hadc2
                0x0000000020000298                hadc1
                0x00000000200002e0                hadc3
 COMMON         0x0000000020000328       0x28 Core/Src/can.o
                0x0000000020000328                hcan1
 COMMON         0x0000000020000350     0x90b0 Core/Src/main.o
                0x0000000020000350                comm_encoder
                0x0000000020000630                Serial2RxBuffer
                0x0000000020000634                com
                0x0000000020000634                state
                0x0000000020000644                prefs
                0x0000000020000658                __float_reg
                0x0000000020000758                controller
                0x0000000020000a50                comm_encoder_cal
                0x0000000020008f5c                __int_reg
                0x000000002000935c                can_tx
                0x000000002000937c                drv
                0x0000000020009384                can_rx
                0x00000000200093d8                observer
 COMMON         0x0000000020009400       0xb0 Core/Src/spi.o
                0x0000000020009400                hspi3
                0x0000000020009458                hspi1
 COMMON         0x00000000200094b0       0x48 Core/Src/tim.o
                0x00000000200094b0                htim1
 COMMON         0x00000000200094f8       0x44 Core/Src/usart.o
                0x00000000200094f8                huart2
 COMMON         0x000000002000953c        0x4 Drivers/STM32F4xx_HAL_Driver/Src/stm32f4xx_hal.o
                0x000000002000953c                uwTick
 COMMON         0x0000000020009540        0x4 /usr/lib/gcc/arm-none-eabi/9.2.1/../../../arm-none-eabi/lib/thumb/v7e-m+fp/hard/libc_nano.a(lib_a-reent.o)
                0x0000000020009540                errno
                0x0000000020009544                . = ALIGN (0x4)
                0x0000000020009544                _ebss = .
                0x0000000020009544                __bss_end__ = _ebss

._user_heap_stack
                0x0000000020009544      0x604 load address 0x0000000008012664
                0x0000000020009548                . = ALIGN (0x8)
 *fill*         0x0000000020009544        0x4 
                0x0000000020009548                PROVIDE (end = .)
                [!provide]                        PROVIDE (_end = .)
                0x0000000020009748                . = (. + _Min_Heap_Size)
 *fill*         0x0000000020009548      0x200 
                0x0000000020009b48                . = (. + _Min_Stack_Size)
 *fill*         0x0000000020009748      0x400 
                0x0000000020009b48                . = ALIGN (0x8)

/DISCARD/
 libc.a(*)
 libm.a(*)
 libgcc.a(*)

.ARM.attributes
                0x0000000000000000       0x30
 *(.ARM.attributes)
 .ARM.attributes
                0x0000000000000000       0x1e /usr/lib/gcc/arm-none-eabi/9.2.1/thumb/v7e-m+fp/hard/crti.o
 .ARM.attributes
                0x000000000000001e       0x34 /usr/lib/gcc/arm-none-eabi/9.2.1/thumb/v7e-m+fp/hard/crtbegin.o
 .ARM.attributes
                0x0000000000000052       0x34 Core/Src/adc.o
 .ARM.attributes
                0x0000000000000086       0x34 Core/Src/calibration.o
 .ARM.attributes
                0x00000000000000ba       0x34 Core/Src/can.o
 .ARM.attributes
                0x00000000000000ee       0x34 Core/Src/drv8323.o
 .ARM.attributes
                0x0000000000000122       0x34 Core/Src/flash_writer.o
 .ARM.attributes
                0x0000000000000156       0x34 Core/Src/foc.o
 .ARM.attributes
                0x000000000000018a       0x34 Core/Src/fsm.o
 .ARM.attributes
                0x00000000000001be       0x34 Core/Src/gpio.o
 .ARM.attributes
                0x00000000000001f2       0x34 Core/Src/main.o
 .ARM.attributes
                0x0000000000000226       0x34 Core/Src/math_ops.o
 .ARM.attributes
                0x000000000000025a       0x34 Core/Src/position_sensor.o
 .ARM.attributes
                0x000000000000028e       0x34 Core/Src/preference_writer.o
 .ARM.attributes
                0x00000000000002c2       0x34 Core/Src/spi.o
 .ARM.attributes
                0x00000000000002f6       0x34 Core/Src/stm32f4xx_flash.o
 .ARM.attributes
                0x000000000000032a       0x34 Core/Src/stm32f4xx_hal_msp.o
 .ARM.attributes
                0x000000000000035e       0x34 Core/Src/stm32f4xx_it.o
 .ARM.attributes
                0x0000000000000392       0x34 Core/Src/syscalls.o
 .ARM.attributes
                0x00000000000003c6       0x34 Core/Src/sysmem.o
 .ARM.attributes
                0x00000000000003fa       0x34 Core/Src/system_stm32f4xx.o
 .ARM.attributes
                0x000000000000042e       0x34 Core/Src/tim.o
 .ARM.attributes
                0x0000000000000462       0x34 Core/Src/usart.o
 .ARM.attributes
                0x0000000000000496       0x21 Core/Startup/startup_stm32f446retx.o
 .ARM.attributes
                0x00000000000004b7       0x34 Drivers/STM32F4xx_HAL_Driver/Src/stm32f4xx_hal.o
 .ARM.attributes
                0x00000000000004eb       0x34 Drivers/STM32F4xx_HAL_Driver/Src/stm32f4xx_hal_adc.o
 .ARM.attributes
                0x000000000000051f       0x34 Drivers/STM32F4xx_HAL_Driver/Src/stm32f4xx_hal_adc_ex.o
 .ARM.attributes
                0x0000000000000553       0x34 Drivers/STM32F4xx_HAL_Driver/Src/stm32f4xx_hal_can.o
 .ARM.attributes
                0x0000000000000587       0x34 Drivers/STM32F4xx_HAL_Driver/Src/stm32f4xx_hal_cortex.o
 .ARM.attributes
                0x00000000000005bb       0x34 Drivers/STM32F4xx_HAL_Driver/Src/stm32f4xx_hal_dma.o
 .ARM.attributes
                0x00000000000005ef       0x34 Drivers/STM32F4xx_HAL_Driver/Src/stm32f4xx_hal_gpio.o
 .ARM.attributes
                0x0000000000000623       0x34 Drivers/STM32F4xx_HAL_Driver/Src/stm32f4xx_hal_pwr_ex.o
 .ARM.attributes
                0x0000000000000657       0x34 Drivers/STM32F4xx_HAL_Driver/Src/stm32f4xx_hal_rcc.o
 .ARM.attributes
                0x000000000000068b       0x34 Drivers/STM32F4xx_HAL_Driver/Src/stm32f4xx_hal_rcc_ex.o
 .ARM.attributes
                0x00000000000006bf       0x34 Drivers/STM32F4xx_HAL_Driver/Src/stm32f4xx_hal_spi.o
 .ARM.attributes
                0x00000000000006f3       0x34 Drivers/STM32F4xx_HAL_Driver/Src/stm32f4xx_hal_tim.o
 .ARM.attributes
                0x0000000000000727       0x34 Drivers/STM32F4xx_HAL_Driver/Src/stm32f4xx_hal_tim_ex.o
 .ARM.attributes
                0x000000000000075b       0x34 Drivers/STM32F4xx_HAL_Driver/Src/stm32f4xx_hal_uart.o
 .ARM.attributes
                0x000000000000078f       0x34 /usr/lib/gcc/arm-none-eabi/9.2.1/../../../arm-none-eabi/lib/thumb/v7e-m+fp/hard/libm.a(lib_a-s_round.o)
 .ARM.attributes
                0x00000000000007c3       0x34 /usr/lib/gcc/arm-none-eabi/9.2.1/../../../arm-none-eabi/lib/thumb/v7e-m+fp/hard/libm.a(lib_a-sf_fmax.o)
 .ARM.attributes
                0x00000000000007f7       0x34 /usr/lib/gcc/arm-none-eabi/9.2.1/../../../arm-none-eabi/lib/thumb/v7e-m+fp/hard/libm.a(lib_a-sf_fmin.o)
 .ARM.attributes
                0x000000000000082b       0x34 /usr/lib/gcc/arm-none-eabi/9.2.1/../../../arm-none-eabi/lib/thumb/v7e-m+fp/hard/libm.a(lib_a-sf_fpclassify.o)
 .ARM.attributes
                0x000000000000085f       0x34 /usr/lib/gcc/arm-none-eabi/9.2.1/../../../arm-none-eabi/lib/thumb/v7e-m+fp/hard/libm.a(lib_a-w_exp.o)
 .ARM.attributes
                0x0000000000000893       0x34 /usr/lib/gcc/arm-none-eabi/9.2.1/../../../arm-none-eabi/lib/thumb/v7e-m+fp/hard/libm.a(lib_a-wf_fmod.o)
 .ARM.attributes
                0x00000000000008c7       0x34 /usr/lib/gcc/arm-none-eabi/9.2.1/../../../arm-none-eabi/lib/thumb/v7e-m+fp/hard/libm.a(lib_a-wf_sqrt.o)
 .ARM.attributes
                0x00000000000008fb       0x34 /usr/lib/gcc/arm-none-eabi/9.2.1/../../../arm-none-eabi/lib/thumb/v7e-m+fp/hard/libm.a(lib_a-e_exp.o)
 .ARM.attributes
                0x000000000000092f       0x34 /usr/lib/gcc/arm-none-eabi/9.2.1/../../../arm-none-eabi/lib/thumb/v7e-m+fp/hard/libm.a(lib_a-ef_fmod.o)
 .ARM.attributes
                0x0000000000000963       0x34 /usr/lib/gcc/arm-none-eabi/9.2.1/../../../arm-none-eabi/lib/thumb/v7e-m+fp/hard/libm.a(lib_a-ef_sqrt.o)
 .ARM.attributes
                0x0000000000000997       0x34 /usr/lib/gcc/arm-none-eabi/9.2.1/../../../arm-none-eabi/lib/thumb/v7e-m+fp/hard/libm.a(lib_a-s_finite.o)
 .ARM.attributes
                0x00000000000009cb       0x32 /usr/lib/gcc/arm-none-eabi/9.2.1/../../../arm-none-eabi/lib/thumb/v7e-m+fp/hard/libm.a(lib_a-s_lib_ver.o)
 .ARM.attributes
                0x00000000000009fd       0x34 /usr/lib/gcc/arm-none-eabi/9.2.1/../../../arm-none-eabi/lib/thumb/v7e-m+fp/hard/libc_nano.a(lib_a-atof.o)
 .ARM.attributes
                0x0000000000000a31       0x34 /usr/lib/gcc/arm-none-eabi/9.2.1/../../../arm-none-eabi/lib/thumb/v7e-m+fp/hard/libc_nano.a(lib_a-atoi.o)
 .ARM.attributes
                0x0000000000000a65       0x34 /usr/lib/gcc/arm-none-eabi/9.2.1/../../../arm-none-eabi/lib/thumb/v7e-m+fp/hard/libc_nano.a(lib_a-errno.o)
 .ARM.attributes
                0x0000000000000a99       0x32 /usr/lib/gcc/arm-none-eabi/9.2.1/../../../arm-none-eabi/lib/thumb/v7e-m+fp/hard/libc_nano.a(lib_a-impure.o)
 .ARM.attributes
                0x0000000000000acb       0x34 /usr/lib/gcc/arm-none-eabi/9.2.1/../../../arm-none-eabi/lib/thumb/v7e-m+fp/hard/libc_nano.a(lib_a-init.o)
 .ARM.attributes
                0x0000000000000aff       0x1c /usr/lib/gcc/arm-none-eabi/9.2.1/../../../arm-none-eabi/lib/thumb/v7e-m+fp/hard/libc_nano.a(lib_a-memcpy.o)
 .ARM.attributes
                0x0000000000000b1b       0x34 /usr/lib/gcc/arm-none-eabi/9.2.1/../../../arm-none-eabi/lib/thumb/v7e-m+fp/hard/libc_nano.a(lib_a-memset.o)
 .ARM.attributes
                0x0000000000000b4f       0x34 /usr/lib/gcc/arm-none-eabi/9.2.1/../../../arm-none-eabi/lib/thumb/v7e-m+fp/hard/libc_nano.a(lib_a-nano-vfprintf_float.o)
 .ARM.attributes
                0x0000000000000b83       0x34 /usr/lib/gcc/arm-none-eabi/9.2.1/../../../arm-none-eabi/lib/thumb/v7e-m+fp/hard/libc_nano.a(lib_a-nano-vfprintf_i.o)
 .ARM.attributes
                0x0000000000000bb7       0x34 /usr/lib/gcc/arm-none-eabi/9.2.1/../../../arm-none-eabi/lib/thumb/v7e-m+fp/hard/libc_nano.a(lib_a-printf.o)
 .ARM.attributes
                0x0000000000000beb       0x34 /usr/lib/gcc/arm-none-eabi/9.2.1/../../../arm-none-eabi/lib/thumb/v7e-m+fp/hard/libc_nano.a(lib_a-puts.o)
 .ARM.attributes
                0x0000000000000c1f       0x1c /usr/lib/gcc/arm-none-eabi/9.2.1/../../../arm-none-eabi/lib/thumb/v7e-m+fp/hard/libc_nano.a(lib_a-strlen.o)
 .ARM.attributes
                0x0000000000000c3b       0x34 /usr/lib/gcc/arm-none-eabi/9.2.1/../../../arm-none-eabi/lib/thumb/v7e-m+fp/hard/libc_nano.a(lib_a-strtod.o)
 .ARM.attributes
                0x0000000000000c6f       0x34 /usr/lib/gcc/arm-none-eabi/9.2.1/../../../arm-none-eabi/lib/thumb/v7e-m+fp/hard/libc_nano.a(lib_a-strtol.o)
 .ARM.attributes
                0x0000000000000ca3       0x34 /usr/lib/gcc/arm-none-eabi/9.2.1/../../../arm-none-eabi/lib/thumb/v7e-m+fp/hard/libc_nano.a(lib_a-wbuf.o)
 .ARM.attributes
                0x0000000000000cd7       0x34 /usr/lib/gcc/arm-none-eabi/9.2.1/../../../arm-none-eabi/lib/thumb/v7e-m+fp/hard/libc_nano.a(lib_a-wsetup.o)
 .ARM.attributes
                0x0000000000000d0b       0x32 /usr/lib/gcc/arm-none-eabi/9.2.1/../../../arm-none-eabi/lib/thumb/v7e-m+fp/hard/libc_nano.a(lib_a-ctype_.o)
 .ARM.attributes
                0x0000000000000d3d       0x34 /usr/lib/gcc/arm-none-eabi/9.2.1/../../../arm-none-eabi/lib/thumb/v7e-m+fp/hard/libc_nano.a(lib_a-dtoa.o)
 .ARM.attributes
                0x0000000000000d71       0x34 /usr/lib/gcc/arm-none-eabi/9.2.1/../../../arm-none-eabi/lib/thumb/v7e-m+fp/hard/libc_nano.a(lib_a-fflush.o)
 .ARM.attributes
                0x0000000000000da5       0x34 /usr/lib/gcc/arm-none-eabi/9.2.1/../../../arm-none-eabi/lib/thumb/v7e-m+fp/hard/libc_nano.a(lib_a-findfp.o)
 .ARM.attributes
                0x0000000000000dd9       0x34 /usr/lib/gcc/arm-none-eabi/9.2.1/../../../arm-none-eabi/lib/thumb/v7e-m+fp/hard/libc_nano.a(lib_a-fwalk.o)
 .ARM.attributes
                0x0000000000000e0d       0x34 /usr/lib/gcc/arm-none-eabi/9.2.1/../../../arm-none-eabi/lib/thumb/v7e-m+fp/hard/libc_nano.a(lib_a-gdtoa-gethex.o)
 .ARM.attributes